Archive member included to satisfy reference by file (symbol)

/usr/lib/gcc/arm-none-eabi/10.3.1/thumb/v6-m/nofp/libgcc.a(_dvmd_tls.o)
                              CMakeFiles/test.dir/home/kamil/pico/pico-sdk/src/rp2_common/pico_divider/divider.S.obj (__aeabi_idiv0)
/usr/lib/gcc/arm-none-eabi/10.3.1/../../../arm-none-eabi/lib/thumb/v6-m/nofp/libg.a(lib_a-atexit.o)
                              /usr/lib/gcc/arm-none-eabi/10.3.1/../../../arm-none-eabi/lib/thumb/v6-m/nofp/crt0.o (atexit)
/usr/lib/gcc/arm-none-eabi/10.3.1/../../../arm-none-eabi/lib/thumb/v6-m/nofp/libg.a(lib_a-calloc.o)
                              CMakeFiles/test.dir/home/kamil/pico/pico-sdk/src/rp2_common/pico_malloc/pico_malloc.c.obj (calloc)
/usr/lib/gcc/arm-none-eabi/10.3.1/../../../arm-none-eabi/lib/thumb/v6-m/nofp/libg.a(lib_a-callocr.o)
                              /usr/lib/gcc/arm-none-eabi/10.3.1/../../../arm-none-eabi/lib/thumb/v6-m/nofp/libg.a(lib_a-calloc.o) (_calloc_r)
/usr/lib/gcc/arm-none-eabi/10.3.1/../../../arm-none-eabi/lib/thumb/v6-m/nofp/libg.a(lib_a-ctype_.o)
                              CMakeFiles/test.dir/home/kamil/pico/pico-sdk/lib/tinyusb/src/tusb.c.obj (_ctype_)
/usr/lib/gcc/arm-none-eabi/10.3.1/../../../arm-none-eabi/lib/thumb/v6-m/nofp/libg.a(lib_a-fini.o)
                              /usr/lib/gcc/arm-none-eabi/10.3.1/../../../arm-none-eabi/lib/thumb/v6-m/nofp/crt0.o (__libc_fini_array)
/usr/lib/gcc/arm-none-eabi/10.3.1/../../../arm-none-eabi/lib/thumb/v6-m/nofp/libg.a(lib_a-impure.o)
                              /usr/lib/gcc/arm-none-eabi/10.3.1/../../../arm-none-eabi/lib/thumb/v6-m/nofp/libg.a(lib_a-calloc.o) (_impure_ptr)
/usr/lib/gcc/arm-none-eabi/10.3.1/../../../arm-none-eabi/lib/thumb/v6-m/nofp/libg.a(lib_a-init.o)
                              /usr/lib/gcc/arm-none-eabi/10.3.1/../../../arm-none-eabi/lib/thumb/v6-m/nofp/crt0.o (__libc_init_array)
/usr/lib/gcc/arm-none-eabi/10.3.1/../../../arm-none-eabi/lib/thumb/v6-m/nofp/libg.a(lib_a-malloc.o)
                              CMakeFiles/test.dir/home/kamil/pico/pico-sdk/src/rp2_common/pico_malloc/pico_malloc.c.obj (malloc)
/usr/lib/gcc/arm-none-eabi/10.3.1/../../../arm-none-eabi/lib/thumb/v6-m/nofp/libg.a(lib_a-mallocr.o)
                              /usr/lib/gcc/arm-none-eabi/10.3.1/../../../arm-none-eabi/lib/thumb/v6-m/nofp/libg.a(lib_a-callocr.o) (_malloc_r)
/usr/lib/gcc/arm-none-eabi/10.3.1/../../../arm-none-eabi/lib/thumb/v6-m/nofp/libg.a(lib_a-mlock.o)
                              /usr/lib/gcc/arm-none-eabi/10.3.1/../../../arm-none-eabi/lib/thumb/v6-m/nofp/libg.a(lib_a-mallocr.o) (__malloc_lock)
/usr/lib/gcc/arm-none-eabi/10.3.1/../../../arm-none-eabi/lib/thumb/v6-m/nofp/libg.a(lib_a-realloc.o)
                              CMakeFiles/test.dir/home/kamil/pico/pico-sdk/src/rp2_common/pico_malloc/pico_malloc.c.obj (realloc)
/usr/lib/gcc/arm-none-eabi/10.3.1/../../../arm-none-eabi/lib/thumb/v6-m/nofp/libg.a(lib_a-reallocr.o)
                              /usr/lib/gcc/arm-none-eabi/10.3.1/../../../arm-none-eabi/lib/thumb/v6-m/nofp/libg.a(lib_a-realloc.o) (_realloc_r)
/usr/lib/gcc/arm-none-eabi/10.3.1/../../../arm-none-eabi/lib/thumb/v6-m/nofp/libg.a(lib_a-sbrkr.o)
                              /usr/lib/gcc/arm-none-eabi/10.3.1/../../../arm-none-eabi/lib/thumb/v6-m/nofp/libg.a(lib_a-mallocr.o) (_sbrk_r)
/usr/lib/gcc/arm-none-eabi/10.3.1/../../../arm-none-eabi/lib/thumb/v6-m/nofp/libg.a(lib_a-strlen-stub.o)
                              CMakeFiles/test.dir/home/kamil/pico/pico-sdk/src/rp2_common/pico_stdio/stdio.c.obj (strlen)
/usr/lib/gcc/arm-none-eabi/10.3.1/../../../arm-none-eabi/lib/thumb/v6-m/nofp/libg.a(lib_a-__atexit.o)
                              /usr/lib/gcc/arm-none-eabi/10.3.1/../../../arm-none-eabi/lib/thumb/v6-m/nofp/libg.a(lib_a-atexit.o) (__register_exitproc)
/usr/lib/gcc/arm-none-eabi/10.3.1/../../../arm-none-eabi/lib/thumb/v6-m/nofp/libg.a(lib_a-freer.o)
                              /usr/lib/gcc/arm-none-eabi/10.3.1/../../../arm-none-eabi/lib/thumb/v6-m/nofp/libg.a(lib_a-malloc.o) (_free_r)
/usr/lib/gcc/arm-none-eabi/10.3.1/../../../arm-none-eabi/lib/thumb/v6-m/nofp/libg.a(lib_a-memmove.o)
                              /usr/lib/gcc/arm-none-eabi/10.3.1/../../../arm-none-eabi/lib/thumb/v6-m/nofp/libg.a(lib_a-reallocr.o) (memmove)
/usr/lib/gcc/arm-none-eabi/10.3.1/../../../arm-none-eabi/lib/thumb/v6-m/nofp/libg.a(lib_a-reent.o)
                              /usr/lib/gcc/arm-none-eabi/10.3.1/../../../arm-none-eabi/lib/thumb/v6-m/nofp/libg.a(lib_a-sbrkr.o) (errno)

Discarded input sections

 .text          0x0000000000000000        0x0 /usr/lib/gcc/arm-none-eabi/10.3.1/thumb/v6-m/nofp/crti.o
 .data          0x0000000000000000        0x0 /usr/lib/gcc/arm-none-eabi/10.3.1/thumb/v6-m/nofp/crti.o
 .bss           0x0000000000000000        0x0 /usr/lib/gcc/arm-none-eabi/10.3.1/thumb/v6-m/nofp/crti.o
 .data          0x0000000000000000        0x4 /usr/lib/gcc/arm-none-eabi/10.3.1/thumb/v6-m/nofp/crtbegin.o
[...]
Memory Configuration

Name             Origin             Length             Attributes
FLASH            0x0000000010000000 0x0000000000200000 xr
RAM              0x0000000020000000 0x0000000000040000 xrw
SCRATCH_X        0x0000000020040000 0x0000000000001000 xrw
SCRATCH_Y        0x0000000020041000 0x0000000000001000 xrw
*default*        0x0000000000000000 0xffffffffffffffff

Linker script and memory map

LOAD /usr/lib/gcc/arm-none-eabi/10.3.1/thumb/v6-m/nofp/crti.o
LOAD /usr/lib/gcc/arm-none-eabi/10.3.1/thumb/v6-m/nofp/crtbegin.o
LOAD /usr/lib/gcc/arm-none-eabi/10.3.1/../../../arm-none-eabi/lib/thumb/v6-m/nofp/crt0.o

.flash_begin    0x0000000010000000        0x0
                0x0000000010000000                __flash_binary_start = .

.boot2          0x0000000010000000      0x100
                0x0000000010000000                __boot2_start__ = .
 *(.boot2)
 .boot2         0x0000000010000000      0x100 /tmp/cchLsCx0.o
                0x0000000010000100                __boot2_end__ = .
                0x0000000000000001                ASSERT (((__boot2_end__ - __boot2_start__) == 0x100), ERROR: Pico second stage bootloader must be 256 bytes in size)

.text           0x0000000010000100     0x7490
                0x0000000010000100                __logical_binary_start = .
 *(.vectors)
 .vectors       0x0000000010000100       0xd4 CMakeFiles/test.dir/home/kamil/pico/pico-sdk/src/rp2_common/pico_standard_link/crt0.S.obj
                0x0000000010000100                __vectors
                0x0000000010000100                __VECTOR_TABLE
                0x00000000100001c0                isr_invalid
                0x00000000100001c0                __default_isrs_start
                0x00000000100001c2                isr_nmi
                0x00000000100001c4                isr_hardfault
                0x00000000100001c6                isr_svcall
                0x00000000100001c8                isr_pendsv
                0x00000000100001ca                isr_systick
                0x00000000100001cc                isr_irq30
                0x00000000100001cc                __unhandled_user_irq
                0x00000000100001cc                isr_irq13
                0x00000000100001cc                isr_irq27
                0x00000000100001cc                isr_irq31
                0x00000000100001cc                isr_irq5
                0x00000000100001cc                isr_irq11
                0x00000000100001cc                isr_irq23
                0x00000000100001cc                isr_irq18
                0x00000000100001cc                isr_irq28
                0x00000000100001cc                isr_irq19
                0x00000000100001cc                isr_irq0
                0x00000000100001cc                isr_irq6
                0x00000000100001cc                isr_irq22
                0x00000000100001cc                isr_irq17
                0x00000000100001cc                isr_irq14
                0x00000000100001cc                isr_irq2
                0x00000000100001cc                isr_irq10
                0x00000000100001cc                isr_irq8
                0x00000000100001cc                isr_irq24
                0x00000000100001cc                isr_irq1
                0x00000000100001cc                isr_irq7
                0x00000000100001cc                isr_irq21
                0x00000000100001cc                isr_irq20
                0x00000000100001cc                isr_irq15
                0x00000000100001cc                isr_irq25
                0x00000000100001cc                isr_irq4
                0x00000000100001cc                isr_irq16
                0x00000000100001cc                isr_irq29
                0x00000000100001cc                isr_irq26
                0x00000000100001cc                __default_isrs_end
                0x00000000100001cc                isr_irq3
                0x00000000100001cc                isr_irq12
                0x00000000100001cc                isr_irq9
                0x00000000100001d2                unhandled_user_irq_num_in_r0
 *(.binary_info_header)
 .binary_info_header
                0x00000000100001d4       0x14 CMakeFiles/test.dir/home/kamil/pico/pico-sdk/src/rp2_common/pico_standard_link/crt0.S.obj
                0x00000000100001e8                __binary_info_header_end = .
 *(.reset)
 .reset         0x00000000100001e8       0xa8 CMakeFiles/test.dir/home/kamil/pico/pico-sdk/src/rp2_common/pico_standard_link/crt0.S.obj
                0x00000000100001e8                _entry_point
                0x0000000010000266                __get_current_exception
 .reset         0x0000000010000290       0x30 CMakeFiles/test.dir/home/kamil/pico/pico-sdk/src/rp2_common/pico_standard_link/binary_info.c.obj
 *(.init)
 .init          0x00000000100002c0        0x4 /usr/lib/gcc/arm-none-eabi/10.3.1/thumb/v6-m/nofp/crti.o
                0x00000000100002c0                _init
 *(EXCLUDE_FILE(*libm.a: *libc.a:*lib_a-mem*.o *libgcc.a:) .text*)
 .text          0x00000000100002c4       0x98 /usr/lib/gcc/arm-none-eabi/10.3.1/thumb/v6-m/nofp/crtbegin.o
 .text.main     0x000000001000035c       0x40 CMakeFiles/test.dir/test.c.obj
                0x000000001000035c                main
 .text.gpio_set_function
                0x000000001000039c       0x30 CMakeFiles/test.dir/home/kamil/pico/pico-sdk/src/rp2_common/hardware_gpio/gpio.c.obj
                0x000000001000039c                gpio_set_function
 .text.gpio_init
                0x00000000100003cc       0x16 CMakeFiles/test.dir/home/kamil/pico/pico-sdk/src/rp2_common/hardware_gpio/gpio.c.obj
                0x00000000100003cc                gpio_init
 *fill*         0x00000000100003e2        0x2 
 .text.hw_claim_lock
                0x00000000100003e4       0x18 CMakeFiles/test.dir/home/kamil/pico/pico-sdk/src/rp2_common/hardware_claim/claim.c.obj
                0x00000000100003e4                hw_claim_lock
 .text.hw_claim_unlock
                0x00000000100003fc       0x14 CMakeFiles/test.dir/home/kamil/pico/pico-sdk/src/rp2_common/hardware_claim/claim.c.obj
                0x00000000100003fc                hw_claim_unlock
 .text.hw_claim_or_assert
                0x0000000010000410       0x32 CMakeFiles/test.dir/home/kamil/pico/pico-sdk/src/rp2_common/hardware_claim/claim.c.obj
                0x0000000010000410                hw_claim_or_assert
 .text.hw_claim_unused_from_range
                0x0000000010000442       0x50 CMakeFiles/test.dir/home/kamil/pico/pico-sdk/src/rp2_common/hardware_claim/claim.c.obj
                0x0000000010000442                hw_claim_unused_from_range
 *fill*         0x0000000010000492        0x2 
 .text.running_on_fpga
                0x0000000010000494       0x14 CMakeFiles/test.dir/home/kamil/pico/pico-sdk/src/rp2_common/pico_platform/platform.c.obj
                0x0000000010000494                running_on_fpga
 .text.spin_locks_reset
                0x00000000100004a8       0x20 CMakeFiles/test.dir/home/kamil/pico/pico-sdk/src/rp2_common/hardware_sync/sync.c.obj
                0x00000000100004a8                spin_locks_reset
 .text.next_striped_spin_lock_num
                0x00000000100004c8       0x1c CMakeFiles/test.dir/home/kamil/pico/pico-sdk/src/rp2_common/hardware_sync/sync.c.obj
                0x00000000100004c8                next_striped_spin_lock_num
 .text.spin_lock_claim_unused
                0x00000000100004e4       0x20 CMakeFiles/test.dir/home/kamil/pico/pico-sdk/src/rp2_common/hardware_sync/sync.c.obj
                0x00000000100004e4                spin_lock_claim_unused
 .text.set_raw_irq_handler_and_unlock
                0x0000000010000504       0x28 CMakeFiles/test.dir/home/kamil/pico/pico-sdk/src/rp2_common/hardware_irq/irq.c.obj
 .text.make_branch
                0x000000001000052c       0x48 CMakeFiles/test.dir/home/kamil/pico/pico-sdk/src/rp2_common/hardware_irq/irq.c.obj
 .text.insert_branch_and_link
                0x0000000010000574       0x40 CMakeFiles/test.dir/home/kamil/pico/pico-sdk/src/rp2_common/hardware_irq/irq.c.obj
 .text.irq_is_enabled
                0x00000000100005b4       0x18 CMakeFiles/test.dir/home/kamil/pico/pico-sdk/src/rp2_common/hardware_irq/irq.c.obj
                0x00000000100005b4                irq_is_enabled
 .text.irq_set_mask_enabled
                0x00000000100005cc       0x20 CMakeFiles/test.dir/home/kamil/pico/pico-sdk/src/rp2_common/hardware_irq/irq.c.obj
                0x00000000100005cc                irq_set_mask_enabled
 .text.irq_set_enabled
                0x00000000100005ec        0xe CMakeFiles/test.dir/home/kamil/pico/pico-sdk/src/rp2_common/hardware_irq/irq.c.obj
                0x00000000100005ec                irq_set_enabled
 *fill*         0x00000000100005fa        0x2 
 .text.irq_set_pending
                0x00000000100005fc       0x10 CMakeFiles/test.dir/home/kamil/pico/pico-sdk/src/rp2_common/hardware_irq/irq.c.obj
                0x00000000100005fc                irq_set_pending
 .text.irq_get_vtable_handler
                0x000000001000060c       0x10 CMakeFiles/test.dir/home/kamil/pico/pico-sdk/src/rp2_common/hardware_irq/irq.c.obj
                0x000000001000060c                irq_get_vtable_handler
 .text.irq_has_shared_handler
                0x000000001000061c       0x24 CMakeFiles/test.dir/home/kamil/pico/pico-sdk/src/rp2_common/hardware_irq/irq.c.obj
                0x000000001000061c                irq_has_shared_handler
 .text.irq_set_exclusive_handler
                0x0000000010000640       0x54 CMakeFiles/test.dir/home/kamil/pico/pico-sdk/src/rp2_common/hardware_irq/irq.c.obj
                0x0000000010000640                irq_set_exclusive_handler
 .text.irq_add_shared_handler
                0x0000000010000694      0x230 CMakeFiles/test.dir/home/kamil/pico/pico-sdk/src/rp2_common/hardware_irq/irq.c.obj
                0x0000000010000694                irq_add_shared_handler
 .text.irq_remove_handler
                0x00000000100008c4      0x1a8 CMakeFiles/test.dir/home/kamil/pico/pico-sdk/src/rp2_common/hardware_irq/irq.c.obj
                0x00000000100008c4                irq_remove_handler
 .text.irq_add_tail_to_free_list
                0x0000000010000a6c       0xf0 CMakeFiles/test.dir/home/kamil/pico/pico-sdk/src/rp2_common/hardware_irq/irq.c.obj
                0x0000000010000a6c                irq_add_tail_to_free_list
 .text.irq_init_priorities
                0x0000000010000b5c       0x1c CMakeFiles/test.dir/home/kamil/pico/pico-sdk/src/rp2_common/hardware_irq/irq.c.obj
                0x0000000010000b5c                irq_init_priorities
 .text.user_irq_claim_unused
                0x0000000010000b78       0x30 CMakeFiles/test.dir/home/kamil/pico/pico-sdk/src/rp2_common/hardware_irq/irq.c.obj
                0x0000000010000b78                user_irq_claim_unused
 .text.lock_init
                0x0000000010000ba8       0x10 CMakeFiles/test.dir/home/kamil/pico/pico-sdk/src/common/pico_sync/lock_core.c.obj
                0x0000000010000ba8                lock_init
 .text.alarm_pool_post_alloc_init
                0x0000000010000bb8       0x40 CMakeFiles/test.dir/home/kamil/pico/pico-sdk/src/common/pico_time/time.c.obj
 .text.sleep_until_callback
                0x0000000010000bf8       0x30 CMakeFiles/test.dir/home/kamil/pico/pico-sdk/src/common/pico_time/time.c.obj
 .text.timer_pool_entry_comparator
                0x0000000010000c28       0x7c CMakeFiles/test.dir/home/kamil/pico/pico-sdk/src/common/pico_time/time.c.obj
                0x0000000010000c28                timer_pool_entry_comparator
 .text.ph_add_child_node
                0x0000000010000ca4       0xa4 CMakeFiles/test.dir/home/kamil/pico/pico-sdk/src/common/pico_time/time.c.obj
 .text.ph_merge_nodes
                0x0000000010000d48       0x3e CMakeFiles/test.dir/home/kamil/pico/pico-sdk/src/common/pico_time/time.c.obj
 *fill*         0x0000000010000d86        0x2 
 .text.add_alarm_under_lock
                0x0000000010000d88      0x174 CMakeFiles/test.dir/home/kamil/pico/pico-sdk/src/common/pico_time/time.c.obj
 .text.alarm_pool_alarm_callback
                0x0000000010000efc      0x328 CMakeFiles/test.dir/home/kamil/pico/pico-sdk/src/common/pico_time/time.c.obj
 .text.alarm_pool_init_default
                0x0000000010001224       0x38 CMakeFiles/test.dir/home/kamil/pico/pico-sdk/src/common/pico_time/time.c.obj
                0x0000000010001224                alarm_pool_init_default
 .text.alarm_pool_get_default
                0x000000001000125c       0x2c CMakeFiles/test.dir/home/kamil/pico/pico-sdk/src/common/pico_time/time.c.obj
                0x000000001000125c                alarm_pool_get_default
 .text.alarm_pool_add_alarm_at
                0x0000000010001288      0x170 CMakeFiles/test.dir/home/kamil/pico/pico-sdk/src/common/pico_time/time.c.obj
                0x0000000010001288                alarm_pool_add_alarm_at
 .text.alarm_pool_cancel_alarm
                0x00000000100013f8       0xf0 CMakeFiles/test.dir/home/kamil/pico/pico-sdk/src/common/pico_time/time.c.obj
                0x00000000100013f8                alarm_pool_cancel_alarm
 .text.sleep_until
                0x00000000100014e8       0xfc CMakeFiles/test.dir/home/kamil/pico/pico-sdk/src/common/pico_time/time.c.obj
                0x00000000100014e8                sleep_until
 .text.sleep_us
                0x00000000100015e4       0x58 CMakeFiles/test.dir/home/kamil/pico/pico-sdk/src/common/pico_time/time.c.obj
                0x00000000100015e4                sleep_us
 .text.sleep_ms
                0x000000001000163c       0x14 CMakeFiles/test.dir/home/kamil/pico/pico-sdk/src/common/pico_time/time.c.obj
                0x000000001000163c                sleep_ms
 .text.best_effort_wfe_or_timeout
                0x0000000010001650       0x80 CMakeFiles/test.dir/home/kamil/pico/pico-sdk/src/common/pico_time/time.c.obj
                0x0000000010001650                best_effort_wfe_or_timeout
 .text.hardware_alarm_irq_handler
                0x00000000100016d0       0x8c CMakeFiles/test.dir/home/kamil/pico/pico-sdk/src/rp2_common/hardware_timer/timer.c.obj
 .text.hardware_alarm_claim
                0x000000001000175c       0x18 CMakeFiles/test.dir/home/kamil/pico/pico-sdk/src/rp2_common/hardware_timer/timer.c.obj
                0x000000001000175c                hardware_alarm_claim
 .text.time_us_64
                0x0000000010001774       0x18 CMakeFiles/test.dir/home/kamil/pico/pico-sdk/src/rp2_common/hardware_timer/timer.c.obj
                0x0000000010001774                time_us_64
 .text.busy_wait_until
                0x000000001000178c       0x28 CMakeFiles/test.dir/home/kamil/pico/pico-sdk/src/rp2_common/hardware_timer/timer.c.obj
                0x000000001000178c                busy_wait_until
 .text.hardware_alarm_set_callback
                0x00000000100017b4       0x90 CMakeFiles/test.dir/home/kamil/pico/pico-sdk/src/rp2_common/hardware_timer/timer.c.obj
                0x00000000100017b4                hardware_alarm_set_callback
 .text.hardware_alarm_set_target
                0x0000000010001844       0xe8 CMakeFiles/test.dir/home/kamil/pico/pico-sdk/src/rp2_common/hardware_timer/timer.c.obj
                0x0000000010001844                hardware_alarm_set_target
 .text.hardware_alarm_cancel
                0x000000001000192c       0x40 CMakeFiles/test.dir/home/kamil/pico/pico-sdk/src/rp2_common/hardware_timer/timer.c.obj
                0x000000001000192c                hardware_alarm_cancel
 .text.ph_add_child_node
                0x000000001000196c       0xa4 CMakeFiles/test.dir/home/kamil/pico/pico-sdk/src/common/pico_util/pheap.c.obj
 .text.ph_merge_nodes
                0x0000000010001a10       0x3e CMakeFiles/test.dir/home/kamil/pico/pico-sdk/src/common/pico_util/pheap.c.obj
 *fill*         0x0000000010001a4e        0x2 
 .text.ph_clear
                0x0000000010001a50       0x70 CMakeFiles/test.dir/home/kamil/pico/pico-sdk/src/common/pico_util/pheap.c.obj
                0x0000000010001a50                ph_clear
 .text.ph_post_alloc_init
                0x0000000010001ac0        0xe CMakeFiles/test.dir/home/kamil/pico/pico-sdk/src/common/pico_util/pheap.c.obj
                0x0000000010001ac0                ph_post_alloc_init
 *fill*         0x0000000010001ace        0x2 
 .text.ph_merge_two_pass
                0x0000000010001ad0       0xa8 CMakeFiles/test.dir/home/kamil/pico/pico-sdk/src/common/pico_util/pheap.c.obj
                0x0000000010001ad0                ph_merge_two_pass
 .text.ph_remove_any_head
                0x0000000010001b78      0x108 CMakeFiles/test.dir/home/kamil/pico/pico-sdk/src/common/pico_util/pheap.c.obj
 .text.ph_remove_head
                0x0000000010001c80       0x14 CMakeFiles/test.dir/home/kamil/pico/pico-sdk/src/common/pico_util/pheap.c.obj
                0x0000000010001c80                ph_remove_head
 .text.ph_remove_and_free_node
                0x0000000010001c94       0xf8 CMakeFiles/test.dir/home/kamil/pico/pico-sdk/src/common/pico_util/pheap.c.obj
                0x0000000010001c94                ph_remove_and_free_node
 .text.mutex_init
                0x0000000010001d8c       0x1a CMakeFiles/test.dir/home/kamil/pico/pico-sdk/src/common/pico_sync/mutex.c.obj
                0x0000000010001d8c                mutex_init
 .text.recursive_mutex_init
                0x0000000010001da6       0x1e CMakeFiles/test.dir/home/kamil/pico/pico-sdk/src/common/pico_sync/mutex.c.obj
                0x0000000010001da6                recursive_mutex_init
 .text.critical_section_init_with_lock_num
                0x0000000010001dc4       0x14 CMakeFiles/test.dir/home/kamil/pico/pico-sdk/src/common/pico_sync/critical_section.c.obj
                0x0000000010001dc4                critical_section_init_with_lock_num
 .text.critical_section_init
                0x0000000010001dd8       0x14 CMakeFiles/test.dir/home/kamil/pico/pico-sdk/src/common/pico_sync/critical_section.c.obj
                0x0000000010001dd8                critical_section_init
 .text.uart_set_baudrate
                0x0000000010001dec       0x5c CMakeFiles/test.dir/home/kamil/pico/pico-sdk/src/rp2_common/hardware_uart/uart.c.obj
                0x0000000010001dec                uart_set_baudrate
 .text.uart_set_translate_crlf
                0x0000000010001e48       0x28 CMakeFiles/test.dir/home/kamil/pico/pico-sdk/src/rp2_common/hardware_uart/uart.c.obj
                0x0000000010001e48                uart_set_translate_crlf
 .text.uart_init
                0x0000000010001e70       0x80 CMakeFiles/test.dir/home/kamil/pico/pico-sdk/src/rp2_common/hardware_uart/uart.c.obj
                0x0000000010001e70                uart_init
 .text._exit    0x0000000010001ef0        0x4 CMakeFiles/test.dir/home/kamil/pico/pico-sdk/src/rp2_common/pico_runtime/runtime.c.obj
                0x0000000010001ef0                _exit
 .text.exit     0x0000000010001ef4        0x6 CMakeFiles/test.dir/home/kamil/pico/pico-sdk/src/rp2_common/pico_runtime/runtime.c.obj
                0x0000000010001ef4                exit
 *fill*         0x0000000010001efa        0x2 
 .text.__assert_func
                0x0000000010001efc       0x3c CMakeFiles/test.dir/home/kamil/pico/pico-sdk/src/rp2_common/pico_runtime/runtime.c.obj
                0x0000000010001efc                __assert_func
 .text.runtime_init
                0x0000000010001f38       0xf8 CMakeFiles/test.dir/home/kamil/pico/pico-sdk/src/rp2_common/pico_runtime/runtime.c.obj
                0x0000000010001f38                runtime_init
 .text.panic    0x0000000010002030       0x30 CMakeFiles/test.dir/home/kamil/pico/pico-sdk/src/rp2_common/pico_runtime/runtime.c.obj
                0x0000000010002030                panic
 .text.clock_configure
                0x0000000010002060      0x104 CMakeFiles/test.dir/home/kamil/pico/pico-sdk/src/rp2_common/hardware_clocks/clocks.c.obj
                0x0000000010002060                clock_configure
 .text.clocks_init
                0x0000000010002164      0x100 CMakeFiles/test.dir/home/kamil/pico/pico-sdk/src/rp2_common/hardware_clocks/clocks.c.obj
                0x0000000010002164                clocks_init
 .text.clock_get_hz
                0x0000000010002264        0xc CMakeFiles/test.dir/home/kamil/pico/pico-sdk/src/rp2_common/hardware_clocks/clocks.c.obj
                0x0000000010002264                clock_get_hz
 .text.pll_init
                0x0000000010002270      0x140 CMakeFiles/test.dir/home/kamil/pico/pico-sdk/src/rp2_common/hardware_pll/pll.c.obj
                0x0000000010002270                pll_init
 .text.watchdog_start_tick
                0x00000000100023b0       0x10 CMakeFiles/test.dir/home/kamil/pico/pico-sdk/src/rp2_common/hardware_watchdog/watchdog.c.obj
                0x00000000100023b0                watchdog_start_tick
 .text.watchdog_update
                0x00000000100023c0       0x14 CMakeFiles/test.dir/home/kamil/pico/pico-sdk/src/rp2_common/hardware_watchdog/watchdog.c.obj
                0x00000000100023c0                watchdog_update
 .text._watchdog_enable
                0x00000000100023d4       0x78 CMakeFiles/test.dir/home/kamil/pico/pico-sdk/src/rp2_common/hardware_watchdog/watchdog.c.obj
                0x00000000100023d4                _watchdog_enable
 .text.watchdog_reboot
                0x000000001000244c       0x48 CMakeFiles/test.dir/home/kamil/pico/pico-sdk/src/rp2_common/hardware_watchdog/watchdog.c.obj
                0x000000001000244c                watchdog_reboot
 .text.xosc_init
                0x0000000010002494       0x28 CMakeFiles/test.dir/home/kamil/pico/pico-sdk/src/rp2_common/hardware_xosc/xosc.c.obj
                0x0000000010002494                xosc_init
 .text._out_null
                0x00000000100024bc        0x2 CMakeFiles/test.dir/home/kamil/pico/pico-sdk/src/rp2_common/pico_printf/printf.c.obj
 .text._out_fct
                0x00000000100024be        0xe CMakeFiles/test.dir/home/kamil/pico/pico-sdk/src/rp2_common/pico_printf/printf.c.obj
 .text._atoi    0x00000000100024cc       0x24 CMakeFiles/test.dir/home/kamil/pico/pico-sdk/src/rp2_common/pico_printf/printf.c.obj
 .text._out_rev
                0x00000000100024f0       0xae CMakeFiles/test.dir/home/kamil/pico/pico-sdk/src/rp2_common/pico_printf/printf.c.obj
 .text._ntoa_format
                0x000000001000259e      0x112 CMakeFiles/test.dir/home/kamil/pico/pico-sdk/src/rp2_common/pico_printf/printf.c.obj
 .text._ntoa_long
                0x00000000100026b0       0xbc CMakeFiles/test.dir/home/kamil/pico/pico-sdk/src/rp2_common/pico_printf/printf.c.obj
 .text._ntoa_long_long
                0x000000001000276c       0xe2 CMakeFiles/test.dir/home/kamil/pico/pico-sdk/src/rp2_common/pico_printf/printf.c.obj
 *fill*         0x000000001000284e        0x2 
 .text._etoa    0x0000000010002850      0x414 CMakeFiles/test.dir/home/kamil/pico/pico-sdk/src/rp2_common/pico_printf/printf.c.obj
 .text._ftoa    0x0000000010002c64      0x354 CMakeFiles/test.dir/home/kamil/pico/pico-sdk/src/rp2_common/pico_printf/printf.c.obj
 .text._vsnprintf
                0x0000000010002fb8      0x624 CMakeFiles/test.dir/home/kamil/pico/pico-sdk/src/rp2_common/pico_printf/printf.c.obj
 .text.vfctprintf
                0x00000000100035dc       0x20 CMakeFiles/test.dir/home/kamil/pico/pico-sdk/src/rp2_common/pico_printf/printf.c.obj
                0x00000000100035dc                vfctprintf
 .text          0x00000000100035fc       0x10 CMakeFiles/test.dir/home/kamil/pico/pico-sdk/src/rp2_common/pico_bit_ops/bit_ops_aeabi.S.obj
 .text.rom_func_lookup
                0x000000001000360c       0x10 CMakeFiles/test.dir/home/kamil/pico/pico-sdk/src/rp2_common/pico_bootrom/bootrom.c.obj
                0x000000001000360c                rom_func_lookup
 .text.rom_data_lookup
                0x000000001000361c       0x10 CMakeFiles/test.dir/home/kamil/pico/pico-sdk/src/rp2_common/pico_bootrom/bootrom.c.obj
                0x000000001000361c                rom_data_lookup
 .text.rom_funcs_lookup
                0x000000001000362c       0x36 CMakeFiles/test.dir/home/kamil/pico/pico-sdk/src/rp2_common/pico_bootrom/bootrom.c.obj
                0x000000001000362c                rom_funcs_lookup
 *fill*         0x0000000010003662        0x2 
 .text.__wrap___aeabi_idiv
                0x0000000010003664       0x50 CMakeFiles/test.dir/home/kamil/pico/pico-sdk/src/rp2_common/pico_divider/divider.S.obj
                0x0000000010003664                __wrap___aeabi_idivmod
                0x0000000010003664                divmod_s32s32
                0x0000000010003664                div_s32s32
                0x0000000010003664                __wrap___aeabi_idiv
                0x000000001000366c                divmod_s32s32_unsafe
                0x0000000010003698                divmod_s32s32_savestate
 .text.__wrap___aeabi_uidiv
                0x00000000100036b4       0x4c CMakeFiles/test.dir/home/kamil/pico/pico-sdk/src/rp2_common/pico_divider/divider.S.obj
                0x00000000100036b4                __wrap___aeabi_uidiv
                0x00000000100036b4                __wrap___aeabi_uidivmod
                0x00000000100036b4                div_u32u32
                0x00000000100036b4                divmod_u32u32
                0x00000000100036bc                divmod_u32u32_unsafe
                0x00000000100036e4                divmod_u32u32_savestate
 .text.__wrap___aeabi_ldiv
                0x0000000010003700      0x434 CMakeFiles/test.dir/home/kamil/pico/pico-sdk/src/rp2_common/pico_divider/divider.S.obj
                0x0000000010003700                div_s64s64
                0x0000000010003700                divmod_s64s64
                0x0000000010003700                __wrap___aeabi_ldivmod
                0x0000000010003738                div_u64u64
                0x0000000010003738                divmod_u64u64
                0x0000000010003738                __wrap___aeabi_uldivmod
                0x0000000010003748                divmod_u64u64_savestate
                0x0000000010003770                divmod_s64s64_unsafe
                0x00000000100037f8                divmod_u64u64_unsafe
 .text.__wrap___aeabi_darithmetic
                0x0000000010003b34       0x80 CMakeFiles/test.dir/home/kamil/pico/pico-sdk/src/rp2_common/pico_double/double_aeabi.S.obj
                0x0000000010003b34                __wrap___aeabi_drsub
                0x0000000010003b3a                __wrap___aeabi_dsub
                0x0000000010003b4c                __wrap___aeabi_dadd
                0x0000000010003b5e                __wrap___aeabi_ddiv
                0x0000000010003b9a                __wrap___aeabi_dmul
 .text.__wrap___aeabi_cdcmple
                0x0000000010003bb4       0x6c CMakeFiles/test.dir/home/kamil/pico/pico-sdk/src/rp2_common/pico_double/double_aeabi.S.obj
                0x0000000010003bb4                __wrap___aeabi_cdrcmple
                0x0000000010003bc4                __wrap___aeabi_cdcmple
                0x0000000010003bc4                __wrap___aeabi_cdcmpeq
 .text.__wrap___aeabi_dcmplt
                0x0000000010003c20        0xc CMakeFiles/test.dir/home/kamil/pico/pico-sdk/src/rp2_common/pico_double/double_aeabi.S.obj
                0x0000000010003c20                __wrap___aeabi_dcmplt
 .text.__wrap___aeabi_dcmple
                0x0000000010003c2c       0x10 CMakeFiles/test.dir/home/kamil/pico/pico-sdk/src/rp2_common/pico_double/double_aeabi.S.obj
                0x0000000010003c2c                __wrap___aeabi_dcmple
 .text.__wrap___aeabi_dcmpge
                0x0000000010003c3c       0x10 CMakeFiles/test.dir/home/kamil/pico/pico-sdk/src/rp2_common/pico_double/double_aeabi.S.obj
                0x0000000010003c3c                __wrap___aeabi_dcmpge
 .text.__wrap___aeabi_dcmpgt
                0x0000000010003c4c        0xa CMakeFiles/test.dir/home/kamil/pico/pico-sdk/src/rp2_common/pico_double/double_aeabi.S.obj
                0x0000000010003c4c                __wrap___aeabi_dcmpgt
 .text.__wrap___aeabi_dcmpun
                0x0000000010003c56       0x1c CMakeFiles/test.dir/home/kamil/pico/pico-sdk/src/rp2_common/pico_double/double_aeabi.S.obj
                0x0000000010003c56                __wrap___aeabi_dcmpun
 *fill*         0x0000000010003c72        0x2 
 .text.__wrap___aeabi_i2d
                0x0000000010003c74       0x38 CMakeFiles/test.dir/home/kamil/pico/pico-sdk/src/rp2_common/pico_double/double_aeabi.S.obj
                0x0000000010003c74                __wrap___aeabi_ui2d
                0x0000000010003c7c                __wrap___aeabi_i2d
 .text.__wrap___aeabi_d2iz
                0x0000000010003cac       0x48 CMakeFiles/test.dir/home/kamil/pico/pico-sdk/src/rp2_common/pico_double/double_aeabi.S.obj
                0x0000000010003cac                __wrap___aeabi_d2iz
                0x0000000010003cac                double2int_z
 .text.__wrap___aeabi_d2uiz
                0x0000000010003cf4       0x18 CMakeFiles/test.dir/home/kamil/pico/pico-sdk/src/rp2_common/pico_double/double_aeabi.S.obj
                0x0000000010003cf4                double2uint
                0x0000000010003cf4                __wrap___aeabi_d2uiz
 .text.__aeabi_double_init
                0x0000000010003d0c       0xc8 CMakeFiles/test.dir/home/kamil/pico/pico-sdk/src/rp2_common/pico_double/double_init_rom.c.obj
                0x0000000010003d0c                __aeabi_double_init
 .text.double_table_shim_on_use_helper
                0x0000000010003dd4       0x34 CMakeFiles/test.dir/home/kamil/pico/pico-sdk/src/rp2_common/pico_double/double_v1_rom_shim.S.obj
                0x0000000010003dd4                double_table_shim_on_use_helper
 .text.__wrap___aeabi_dsub
                0x0000000010003e08       0x10 CMakeFiles/test.dir/home/kamil/pico/pico-sdk/src/rp2_common/pico_double/double_v1_rom_shim.S.obj
                0x0000000010003e08                drsub_shim
                0x0000000010003e0e                dsub_shim
 .text.dadd_shim
                0x0000000010003e18      0x15c CMakeFiles/test.dir/home/kamil/pico/pico-sdk/src/rp2_common/pico_double/double_v1_rom_shim.S.obj
                0x0000000010003e18                dadd_shim
 .text.dmul_shim
                0x0000000010003f74      0x15c CMakeFiles/test.dir/home/kamil/pico/pico-sdk/src/rp2_common/pico_double/double_v1_rom_shim.S.obj
                0x0000000010003f74                dmul_shim
 .text.ddiv_shim
                0x00000000100040d0      0x1b0 CMakeFiles/test.dir/home/kamil/pico/pico-sdk/src/rp2_common/pico_double/double_v1_rom_shim.S.obj
                0x00000000100040d0                ddiv_shim
 .text.double2uint_shim
                0x0000000010004280        0xe CMakeFiles/test.dir/home/kamil/pico/pico-sdk/src/rp2_common/pico_double/double_v1_rom_shim.S.obj
                0x0000000010004280                double2uint_shim
                0x0000000010004282                double2ufix_shim
 *fill*         0x000000001000428e        0x2 
 .text.double2uint64_shim
                0x0000000010004290       0x70 CMakeFiles/test.dir/home/kamil/pico/pico-sdk/src/rp2_common/pico_double/double_v1_rom_shim.S.obj
                0x0000000010004290                double2uint64_shim
                0x0000000010004292                double2ufix64_shim
                0x00000000100042b2                d2fix_a
 .text.dunpacks
                0x0000000010004300       0x3c CMakeFiles/test.dir/home/kamil/pico/pico-sdk/src/rp2_common/pico_double/double_v1_rom_shim.S.obj
                0x0000000010004300                dunpacks
 .text.__aeabi_lmul
                0x000000001000433c       0x32 CMakeFiles/test.dir/home/kamil/pico/pico-sdk/src/rp2_common/pico_int64_ops/pico_int64_ops_aeabi.S.obj
                0x000000001000433c                __wrap___aeabi_lmul
 *fill*         0x000000001000436e        0x2 
 .text.__aeabi_float_init
                0x0000000010004370       0xfc CMakeFiles/test.dir/home/kamil/pico/pico-sdk/src/rp2_common/pico_float/float_init_rom.c.obj
                0x0000000010004370                __aeabi_float_init
 .text.float_table_shim_on_use_helper
                0x000000001000446c       0x34 CMakeFiles/test.dir/home/kamil/pico/pico-sdk/src/rp2_common/pico_float/float_v1_rom_shim.S.obj
                0x000000001000446c                float_table_shim_on_use_helper
 .text          0x00000000100044a0       0x10 CMakeFiles/test.dir/home/kamil/pico/pico-sdk/src/rp2_common/pico_mem_ops/mem_ops_aeabi.S.obj
                0x00000000100044a0                __aeabi_mem_init
 .text.memset   0x00000000100044b0        0xc CMakeFiles/test.dir/home/kamil/pico/pico-sdk/src/rp2_common/pico_mem_ops/mem_ops_aeabi.S.obj
                0x00000000100044b0                __wrap_memset
 .text.memcpy   0x00000000100044bc        0xc CMakeFiles/test.dir/home/kamil/pico/pico-sdk/src/rp2_common/pico_mem_ops/mem_ops_aeabi.S.obj
                0x00000000100044bc                __wrap___aeabi_memcpy
                0x00000000100044bc                __wrap_memcpy
 .text.stdio_out_chars_no_crlf
                0x00000000100044c8        0xe CMakeFiles/test.dir/home/kamil/pico/pico-sdk/src/rp2_common/pico_stdio/stdio.c.obj
 *fill*         0x00000000100044d6        0x2 
 .text.stdio_out_chars_crlf
                0x00000000100044d8       0x80 CMakeFiles/test.dir/home/kamil/pico/pico-sdk/src/rp2_common/pico_stdio/stdio.c.obj
 .text.stdio_stack_buffer_flush
                0x0000000010004558       0x44 CMakeFiles/test.dir/home/kamil/pico/pico-sdk/src/rp2_common/pico_stdio/stdio.c.obj
 .text.stdio_buffered_printer
                0x000000001000459c       0x20 CMakeFiles/test.dir/home/kamil/pico/pico-sdk/src/rp2_common/pico_stdio/stdio.c.obj
 .text.stdout_serialize_begin
                0x00000000100045bc       0x30 CMakeFiles/test.dir/home/kamil/pico/pico-sdk/src/rp2_common/pico_stdio/stdio.c.obj
                0x00000000100045bc                stdout_serialize_begin
 .text.stdout_serialize_end
                0x00000000100045ec       0x10 CMakeFiles/test.dir/home/kamil/pico/pico-sdk/src/rp2_common/pico_stdio/stdio.c.obj
                0x00000000100045ec                stdout_serialize_end
 .text.stdio_put_string
                0x00000000100045fc       0x98 CMakeFiles/test.dir/home/kamil/pico/pico-sdk/src/rp2_common/pico_stdio/stdio.c.obj
 .text.stdio_set_driver_enabled
                0x0000000010004694       0x2c CMakeFiles/test.dir/home/kamil/pico/pico-sdk/src/rp2_common/pico_stdio/stdio.c.obj
                0x0000000010004694                stdio_set_driver_enabled
 .text.stdio_flush
                0x00000000100046c0       0x20 CMakeFiles/test.dir/home/kamil/pico/pico-sdk/src/rp2_common/pico_stdio/stdio.c.obj
                0x00000000100046c0                stdio_flush
 .text.__wrap_puts
                0x00000000100046e0       0x1e CMakeFiles/test.dir/home/kamil/pico/pico-sdk/src/rp2_common/pico_stdio/stdio.c.obj
                0x00000000100046e0                __wrap_puts
 *fill*         0x00000000100046fe        0x2 
 .text.__wrap_vprintf
                0x0000000010004700       0x44 CMakeFiles/test.dir/home/kamil/pico/pico-sdk/src/rp2_common/pico_stdio/stdio.c.obj
                0x0000000010004700                __wrap_vprintf
 .text.__wrap_printf
                0x0000000010004744       0x18 CMakeFiles/test.dir/home/kamil/pico/pico-sdk/src/rp2_common/pico_stdio/stdio.c.obj
                0x0000000010004744                __wrap_printf
 .text.stdio_init_all
                0x000000001000475c        0xc CMakeFiles/test.dir/home/kamil/pico/pico-sdk/src/rp2_common/pico_stdio/stdio.c.obj
                0x000000001000475c                stdio_init_all
 .text.stdio_uart_out_chars
                0x0000000010004768       0x74 CMakeFiles/test.dir/home/kamil/pico/pico-sdk/src/rp2_common/pico_stdio_uart/stdio_uart.c.obj
 .text.stdio_uart_in_chars
                0x00000000100047dc       0x58 CMakeFiles/test.dir/home/kamil/pico/pico-sdk/src/rp2_common/pico_stdio_uart/stdio_uart.c.obj
                0x00000000100047dc                stdio_uart_in_chars
 .text.stdio_uart_init_full
                0x0000000010004834       0x3c CMakeFiles/test.dir/home/kamil/pico/pico-sdk/src/rp2_common/pico_stdio_uart/stdio_uart.c.obj
                0x0000000010004834                stdio_uart_init_full
 .text.stdio_uart_init
                0x0000000010004870       0x28 CMakeFiles/test.dir/home/kamil/pico/pico-sdk/src/rp2_common/pico_stdio_uart/stdio_uart.c.obj
                0x0000000010004870                stdio_uart_init
 .text.resetd_init
                0x0000000010004898        0x2 CMakeFiles/test.dir/home/kamil/pico/pico-sdk/src/rp2_common/pico_stdio_usb/reset_interface.c.obj
 *fill*         0x000000001000489a        0x2 
 .text.resetd_reset
                0x000000001000489c        0xc CMakeFiles/test.dir/home/kamil/pico/pico-sdk/src/rp2_common/pico_stdio_usb/reset_interface.c.obj
 .text.resetd_open
                0x00000000100048a8       0x34 CMakeFiles/test.dir/home/kamil/pico/pico-sdk/src/rp2_common/pico_stdio_usb/reset_interface.c.obj
 .text.resetd_xfer_cb
                0x00000000100048dc        0x4 CMakeFiles/test.dir/home/kamil/pico/pico-sdk/src/rp2_common/pico_stdio_usb/reset_interface.c.obj
 .text.reset_usb_boot
                0x00000000100048e0       0x18 CMakeFiles/test.dir/home/kamil/pico/pico-sdk/src/rp2_common/pico_stdio_usb/reset_interface.c.obj
 .text.resetd_control_xfer_cb
                0x00000000100048f8       0x5c CMakeFiles/test.dir/home/kamil/pico/pico-sdk/src/rp2_common/pico_stdio_usb/reset_interface.c.obj
 .text.usbd_app_driver_get_cb
                0x0000000010004954        0xc CMakeFiles/test.dir/home/kamil/pico/pico-sdk/src/rp2_common/pico_stdio_usb/reset_interface.c.obj
                0x0000000010004954                usbd_app_driver_get_cb
 .text.tud_cdc_line_coding_cb
                0x0000000010004960       0x28 CMakeFiles/test.dir/home/kamil/pico/pico-sdk/src/rp2_common/pico_stdio_usb/reset_interface.c.obj
                0x0000000010004960                tud_cdc_line_coding_cb
 .text.stdio_usb_in_chars
                0x0000000010004988       0x70 CMakeFiles/test.dir/home/kamil/pico/pico-sdk/src/rp2_common/pico_stdio_usb/stdio_usb.c.obj
                0x0000000010004988                stdio_usb_in_chars
 .text.low_priority_worker_irq
                0x00000000100049f8       0x20 CMakeFiles/test.dir/home/kamil/pico/pico-sdk/src/rp2_common/pico_stdio_usb/stdio_usb.c.obj
 .text.stdio_usb_out_chars
                0x0000000010004a18       0xd4 CMakeFiles/test.dir/home/kamil/pico/pico-sdk/src/rp2_common/pico_stdio_usb/stdio_usb.c.obj
 .text.timer_task
                0x0000000010004aec       0x40 CMakeFiles/test.dir/home/kamil/pico/pico-sdk/src/rp2_common/pico_stdio_usb/stdio_usb.c.obj
 .text.usb_irq  0x0000000010004b2c       0x10 CMakeFiles/test.dir/home/kamil/pico/pico-sdk/src/rp2_common/pico_stdio_usb/stdio_usb.c.obj
 .text.stdio_usb_init
                0x0000000010004b3c       0xec CMakeFiles/test.dir/home/kamil/pico/pico-sdk/src/rp2_common/pico_stdio_usb/stdio_usb.c.obj
                0x0000000010004b3c                stdio_usb_init
 .text.tud_descriptor_device_cb
                0x0000000010004c28        0x8 CMakeFiles/test.dir/home/kamil/pico/pico-sdk/src/rp2_common/pico_stdio_usb/stdio_usb_descriptors.c.obj
                0x0000000010004c28                tud_descriptor_device_cb
 .text.tud_descriptor_configuration_cb
                0x0000000010004c30        0x8 CMakeFiles/test.dir/home/kamil/pico/pico-sdk/src/rp2_common/pico_stdio_usb/stdio_usb_descriptors.c.obj
                0x0000000010004c30                tud_descriptor_configuration_cb
 .text.tud_descriptor_string_cb
                0x0000000010004c38       0x6c CMakeFiles/test.dir/home/kamil/pico/pico-sdk/src/rp2_common/pico_stdio_usb/stdio_usb_descriptors.c.obj
                0x0000000010004c38                tud_descriptor_string_cb
 .text.hw_endpoint_get_by_addr
                0x0000000010004ca4       0x18 CMakeFiles/test.dir/home/kamil/pico/pico-sdk/lib/tinyusb/src/portable/raspberrypi/rp2040/dcd_rp2040.c.obj
 .text.reset_ep0_pid
                0x0000000010004cbc       0x28 CMakeFiles/test.dir/home/kamil/pico/pico-sdk/lib/tinyusb/src/portable/raspberrypi/rp2040/dcd_rp2040.c.obj
 .text._hw_endpoint_alloc
                0x0000000010004ce4       0x70 CMakeFiles/test.dir/home/kamil/pico/pico-sdk/lib/tinyusb/src/portable/raspberrypi/rp2040/dcd_rp2040.c.obj
 .text.hw_endpoint_init
                0x0000000010004d54       0x88 CMakeFiles/test.dir/home/kamil/pico/pico-sdk/lib/tinyusb/src/portable/raspberrypi/rp2040/dcd_rp2040.c.obj
 .text.reset_non_control_endpoints
                0x0000000010004ddc       0x40 CMakeFiles/test.dir/home/kamil/pico/pico-sdk/lib/tinyusb/src/portable/raspberrypi/rp2040/dcd_rp2040.c.obj
 .text.hw_handle_buff_status
                0x0000000010004e1c       0x8c CMakeFiles/test.dir/home/kamil/pico/pico-sdk/lib/tinyusb/src/portable/raspberrypi/rp2040/dcd_rp2040.c.obj
 .text.dcd_rp2040_irq
                0x0000000010004ea8       0xc0 CMakeFiles/test.dir/home/kamil/pico/pico-sdk/lib/tinyusb/src/portable/raspberrypi/rp2040/dcd_rp2040.c.obj
 .text.hw_endpoint_xfer
                0x0000000010004f68       0x14 CMakeFiles/test.dir/home/kamil/pico/pico-sdk/lib/tinyusb/src/portable/raspberrypi/rp2040/dcd_rp2040.c.obj
 .text.dcd_int_enable
                0x0000000010004f7c       0x2c CMakeFiles/test.dir/home/kamil/pico/pico-sdk/lib/tinyusb/src/portable/raspberrypi/rp2040/dcd_rp2040.c.obj
                0x0000000010004f7c                dcd_int_enable
 .text.dcd_set_address
                0x0000000010004fa8       0x2c CMakeFiles/test.dir/home/kamil/pico/pico-sdk/lib/tinyusb/src/portable/raspberrypi/rp2040/dcd_rp2040.c.obj
                0x0000000010004fa8                dcd_set_address
 .text.dcd_connect
                0x0000000010004fd4       0x10 CMakeFiles/test.dir/home/kamil/pico/pico-sdk/lib/tinyusb/src/portable/raspberrypi/rp2040/dcd_rp2040.c.obj
                0x0000000010004fd4                dcd_connect
 .text.dcd_init
                0x0000000010004fe4       0x7c CMakeFiles/test.dir/home/kamil/pico/pico-sdk/lib/tinyusb/src/portable/raspberrypi/rp2040/dcd_rp2040.c.obj
                0x0000000010004fe4                dcd_init
 .text.dcd_edpt0_status_complete
                0x0000000010005060       0x1c CMakeFiles/test.dir/home/kamil/pico/pico-sdk/lib/tinyusb/src/portable/raspberrypi/rp2040/dcd_rp2040.c.obj
                0x0000000010005060                dcd_edpt0_status_complete
 .text.dcd_edpt_open
                0x000000001000507c       0x40 CMakeFiles/test.dir/home/kamil/pico/pico-sdk/lib/tinyusb/src/portable/raspberrypi/rp2040/dcd_rp2040.c.obj
                0x000000001000507c                dcd_edpt_open
 .text.dcd_edpt_close_all
                0x00000000100050bc        0x8 CMakeFiles/test.dir/home/kamil/pico/pico-sdk/lib/tinyusb/src/portable/raspberrypi/rp2040/dcd_rp2040.c.obj
                0x00000000100050bc                dcd_edpt_close_all
 .text.dcd_edpt_xfer
                0x00000000100050c4       0x30 CMakeFiles/test.dir/home/kamil/pico/pico-sdk/lib/tinyusb/src/portable/raspberrypi/rp2040/dcd_rp2040.c.obj
                0x00000000100050c4                dcd_edpt_xfer
 .text.dcd_edpt_stall
                0x00000000100050f4       0x2c CMakeFiles/test.dir/home/kamil/pico/pico-sdk/lib/tinyusb/src/portable/raspberrypi/rp2040/dcd_rp2040.c.obj
                0x00000000100050f4                dcd_edpt_stall
 .text.dcd_edpt_clear_stall
                0x0000000010005120       0x20 CMakeFiles/test.dir/home/kamil/pico/pico-sdk/lib/tinyusb/src/portable/raspberrypi/rp2040/dcd_rp2040.c.obj
                0x0000000010005120                dcd_edpt_clear_stall
 .text.prepare_ep_buffer
                0x0000000010005140       0x70 CMakeFiles/test.dir/home/kamil/pico/pico-sdk/lib/tinyusb/src/portable/raspberrypi/rp2040/rp2040_usb.c.obj
 .text.sync_ep_buffer
                0x00000000100051b0       0x7c CMakeFiles/test.dir/home/kamil/pico/pico-sdk/lib/tinyusb/src/portable/raspberrypi/rp2040/rp2040_usb.c.obj
 .text._hw_endpoint_xfer_sync
                0x000000001000522c       0x28 CMakeFiles/test.dir/home/kamil/pico/pico-sdk/lib/tinyusb/src/portable/raspberrypi/rp2040/rp2040_usb.c.obj
 .text.rp2040_usb_init
                0x0000000010005254       0x4c CMakeFiles/test.dir/home/kamil/pico/pico-sdk/lib/tinyusb/src/portable/raspberrypi/rp2040/rp2040_usb.c.obj
                0x0000000010005254                rp2040_usb_init
 .text.hw_endpoint_reset_transfer
                0x00000000100052a0        0xc CMakeFiles/test.dir/home/kamil/pico/pico-sdk/lib/tinyusb/src/portable/raspberrypi/rp2040/rp2040_usb.c.obj
                0x00000000100052a0                hw_endpoint_reset_transfer
 .text._hw_endpoint_buffer_control_update32
                0x00000000100052ac       0x58 CMakeFiles/test.dir/home/kamil/pico/pico-sdk/lib/tinyusb/src/portable/raspberrypi/rp2040/rp2040_usb.c.obj
                0x00000000100052ac                _hw_endpoint_buffer_control_update32
 .text._hw_endpoint_start_next_buffer
                0x0000000010005304       0x74 CMakeFiles/test.dir/home/kamil/pico/pico-sdk/lib/tinyusb/src/portable/raspberrypi/rp2040/rp2040_usb.c.obj
 .text.hw_endpoint_xfer_start
                0x0000000010005378       0x48 CMakeFiles/test.dir/home/kamil/pico/pico-sdk/lib/tinyusb/src/portable/raspberrypi/rp2040/rp2040_usb.c.obj
                0x0000000010005378                hw_endpoint_xfer_start
 .text.hw_endpoint_xfer_continue
                0x00000000100053c0       0x38 CMakeFiles/test.dir/home/kamil/pico/pico-sdk/lib/tinyusb/src/portable/raspberrypi/rp2040/rp2040_usb.c.obj
                0x00000000100053c0                hw_endpoint_xfer_continue
 .text.configuration_reset
                0x00000000100053f8       0x84 CMakeFiles/test.dir/home/kamil/pico/pico-sdk/lib/tinyusb/src/device/usbd.c.obj
 .text.usbd_reset
                0x000000001000547c        0xc CMakeFiles/test.dir/home/kamil/pico/pico-sdk/lib/tinyusb/src/device/usbd.c.obj
 .text.invoke_class_control
                0x0000000010005488       0x1a CMakeFiles/test.dir/home/kamil/pico/pico-sdk/lib/tinyusb/src/device/usbd.c.obj
 *fill*         0x00000000100054a2        0x2 
 .text.process_set_config
                0x00000000100054a4      0x1b0 CMakeFiles/test.dir/home/kamil/pico/pico-sdk/lib/tinyusb/src/device/usbd.c.obj
 .text.process_get_descriptor
                0x0000000010005654       0xec CMakeFiles/test.dir/home/kamil/pico/pico-sdk/lib/tinyusb/src/device/usbd.c.obj
 .text.tud_mounted
                0x0000000010005740       0x10 CMakeFiles/test.dir/home/kamil/pico/pico-sdk/lib/tinyusb/src/device/usbd.c.obj
                0x0000000010005740                tud_mounted
 .text.tud_suspended
                0x0000000010005750       0x10 CMakeFiles/test.dir/home/kamil/pico/pico-sdk/lib/tinyusb/src/device/usbd.c.obj
                0x0000000010005750                tud_suspended
 .text.tud_inited
                0x0000000010005760        0xc CMakeFiles/test.dir/home/kamil/pico/pico-sdk/lib/tinyusb/src/device/usbd.c.obj
                0x0000000010005760                tud_inited
 .text.tud_init
                0x000000001000576c       0xcc CMakeFiles/test.dir/home/kamil/pico/pico-sdk/lib/tinyusb/src/device/usbd.c.obj
                0x000000001000576c                tud_init
 .text.dcd_event_handler
                0x0000000010005838      0x1e0 CMakeFiles/test.dir/home/kamil/pico/pico-sdk/lib/tinyusb/src/device/usbd.c.obj
                0x0000000010005838                dcd_event_handler
 .text.dcd_event_bus_signal
                0x0000000010005a18       0x26 CMakeFiles/test.dir/home/kamil/pico/pico-sdk/lib/tinyusb/src/device/usbd.c.obj
                0x0000000010005a18                dcd_event_bus_signal
 .text.dcd_event_bus_reset
                0x0000000010005a3e       0x2a CMakeFiles/test.dir/home/kamil/pico/pico-sdk/lib/tinyusb/src/device/usbd.c.obj
                0x0000000010005a3e                dcd_event_bus_reset
 .text.dcd_event_setup_received
                0x0000000010005a68       0x34 CMakeFiles/test.dir/home/kamil/pico/pico-sdk/lib/tinyusb/src/device/usbd.c.obj
                0x0000000010005a68                dcd_event_setup_received
 .text.dcd_event_xfer_complete
                0x0000000010005a9c       0x44 CMakeFiles/test.dir/home/kamil/pico/pico-sdk/lib/tinyusb/src/device/usbd.c.obj
                0x0000000010005a9c                dcd_event_xfer_complete
 .text.usbd_edpt_open
                0x0000000010005ae0       0x58 CMakeFiles/test.dir/home/kamil/pico/pico-sdk/lib/tinyusb/src/device/usbd.c.obj
                0x0000000010005ae0                usbd_edpt_open
 .text.usbd_open_edpt_pair
                0x0000000010005b38       0x8c CMakeFiles/test.dir/home/kamil/pico/pico-sdk/lib/tinyusb/src/device/usbd.c.obj
                0x0000000010005b38                usbd_open_edpt_pair
 .text.usbd_edpt_claim
                0x0000000010005bc4       0x8c CMakeFiles/test.dir/home/kamil/pico/pico-sdk/lib/tinyusb/src/device/usbd.c.obj
                0x0000000010005bc4                usbd_edpt_claim
 .text.usbd_edpt_release
                0x0000000010005c50       0x68 CMakeFiles/test.dir/home/kamil/pico/pico-sdk/lib/tinyusb/src/device/usbd.c.obj
                0x0000000010005c50                usbd_edpt_release
 .text.usbd_edpt_xfer
                0x0000000010005cb8       0x80 CMakeFiles/test.dir/home/kamil/pico/pico-sdk/lib/tinyusb/src/device/usbd.c.obj
                0x0000000010005cb8                usbd_edpt_xfer
 .text.usbd_edpt_stall
                0x0000000010005d38       0x40 CMakeFiles/test.dir/home/kamil/pico/pico-sdk/lib/tinyusb/src/device/usbd.c.obj
                0x0000000010005d38                usbd_edpt_stall
 .text.usbd_edpt_clear_stall
                0x0000000010005d78       0x40 CMakeFiles/test.dir/home/kamil/pico/pico-sdk/lib/tinyusb/src/device/usbd.c.obj
                0x0000000010005d78                usbd_edpt_clear_stall
 .text.usbd_edpt_stalled
                0x0000000010005db8       0x1c CMakeFiles/test.dir/home/kamil/pico/pico-sdk/lib/tinyusb/src/device/usbd.c.obj
                0x0000000010005db8                usbd_edpt_stalled
 .text.process_control_request
                0x0000000010005dd4      0x3b8 CMakeFiles/test.dir/home/kamil/pico/pico-sdk/lib/tinyusb/src/device/usbd.c.obj
 .text.tud_task
                0x000000001000618c      0x218 CMakeFiles/test.dir/home/kamil/pico/pico-sdk/lib/tinyusb/src/device/usbd.c.obj
                0x000000001000618c                tud_task
 .text._data_stage_xact
                0x00000000100063a4       0x58 CMakeFiles/test.dir/home/kamil/pico/pico-sdk/lib/tinyusb/src/device/usbd_control.c.obj
 .text.tud_control_status
                0x00000000100063fc       0x38 CMakeFiles/test.dir/home/kamil/pico/pico-sdk/lib/tinyusb/src/device/usbd_control.c.obj
                0x00000000100063fc                tud_control_status
 .text.tud_control_xfer
                0x0000000010006434       0xa8 CMakeFiles/test.dir/home/kamil/pico/pico-sdk/lib/tinyusb/src/device/usbd_control.c.obj
                0x0000000010006434                tud_control_xfer
 .text.usbd_control_reset
                0x00000000100064dc       0x14 CMakeFiles/test.dir/home/kamil/pico/pico-sdk/lib/tinyusb/src/device/usbd_control.c.obj
                0x00000000100064dc                usbd_control_reset
 .text.usbd_control_set_complete_callback
                0x00000000100064f0        0xc CMakeFiles/test.dir/home/kamil/pico/pico-sdk/lib/tinyusb/src/device/usbd_control.c.obj
                0x00000000100064f0                usbd_control_set_complete_callback
 .text.usbd_control_set_request
                0x00000000100064fc       0x1c CMakeFiles/test.dir/home/kamil/pico/pico-sdk/lib/tinyusb/src/device/usbd_control.c.obj
                0x00000000100064fc                usbd_control_set_request
 .text.usbd_control_xfer_cb
                0x0000000010006518       0xfc CMakeFiles/test.dir/home/kamil/pico/pico-sdk/lib/tinyusb/src/device/usbd_control.c.obj
                0x0000000010006518                usbd_control_xfer_cb
 .text._prep_out_transaction
                0x0000000010006614       0x46 CMakeFiles/test.dir/home/kamil/pico/pico-sdk/lib/tinyusb/src/class/cdc/cdc_device.c.obj
 *fill*         0x000000001000665a        0x2 
 .text.tud_cdc_n_connected
                0x000000001000665c       0x44 CMakeFiles/test.dir/home/kamil/pico/pico-sdk/lib/tinyusb/src/class/cdc/cdc_device.c.obj
                0x000000001000665c                tud_cdc_n_connected
 .text.tud_cdc_n_available
                0x00000000100066a0       0x18 CMakeFiles/test.dir/home/kamil/pico/pico-sdk/lib/tinyusb/src/class/cdc/cdc_device.c.obj
                0x00000000100066a0                tud_cdc_n_available
 .text.tud_cdc_n_read
                0x00000000100066b8       0x28 CMakeFiles/test.dir/home/kamil/pico/pico-sdk/lib/tinyusb/src/class/cdc/cdc_device.c.obj
                0x00000000100066b8                tud_cdc_n_read
 .text.tud_cdc_n_write_flush
                0x00000000100066e0       0xcc CMakeFiles/test.dir/home/kamil/pico/pico-sdk/lib/tinyusb/src/class/cdc/cdc_device.c.obj
                0x00000000100066e0                tud_cdc_n_write_flush
 .text.tud_cdc_n_write
                0x00000000100067ac       0x38 CMakeFiles/test.dir/home/kamil/pico/pico-sdk/lib/tinyusb/src/class/cdc/cdc_device.c.obj
                0x00000000100067ac                tud_cdc_n_write
 .text.tud_cdc_n_write_available
                0x00000000100067e4       0x1c CMakeFiles/test.dir/home/kamil/pico/pico-sdk/lib/tinyusb/src/class/cdc/cdc_device.c.obj
                0x00000000100067e4                tud_cdc_n_write_available
 .text.cdcd_init
                0x0000000010006800       0xbc CMakeFiles/test.dir/home/kamil/pico/pico-sdk/lib/tinyusb/src/class/cdc/cdc_device.c.obj
                0x0000000010006800                cdcd_init
 .text.cdcd_reset
                0x00000000100068bc       0x44 CMakeFiles/test.dir/home/kamil/pico/pico-sdk/lib/tinyusb/src/class/cdc/cdc_device.c.obj
                0x00000000100068bc                cdcd_reset
 .text.cdcd_open
                0x0000000010006900       0xf8 CMakeFiles/test.dir/home/kamil/pico/pico-sdk/lib/tinyusb/src/class/cdc/cdc_device.c.obj
                0x0000000010006900                cdcd_open
 .text.cdcd_control_xfer_cb
                0x00000000100069f8      0x134 CMakeFiles/test.dir/home/kamil/pico/pico-sdk/lib/tinyusb/src/class/cdc/cdc_device.c.obj
                0x00000000100069f8                cdcd_control_xfer_cb
 .text.cdcd_xfer_cb
                0x0000000010006b2c      0x144 CMakeFiles/test.dir/home/kamil/pico/pico-sdk/lib/tinyusb/src/class/cdc/cdc_device.c.obj
                0x0000000010006b2c                cdcd_xfer_cb
 .text.tusb_init
                0x0000000010006c70       0x24 CMakeFiles/test.dir/home/kamil/pico/pico-sdk/lib/tinyusb/src/tusb.c.obj
                0x0000000010006c70                tusb_init
 .text.tusb_inited
                0x0000000010006c94        0xe CMakeFiles/test.dir/home/kamil/pico/pico-sdk/lib/tinyusb/src/tusb.c.obj
                0x0000000010006c94                tusb_inited
 *fill*         0x0000000010006ca2        0x2 
 .text.tu_edpt_validate
                0x0000000010006ca4       0xa8 CMakeFiles/test.dir/home/kamil/pico/pico-sdk/lib/tinyusb/src/tusb.c.obj
                0x0000000010006ca4                tu_edpt_validate
 .text.tu_edpt_bind_driver
                0x0000000010006d4c       0x2a CMakeFiles/test.dir/home/kamil/pico/pico-sdk/lib/tinyusb/src/tusb.c.obj
                0x0000000010006d4c                tu_edpt_bind_driver
 .text.advance_pointer
                0x0000000010006d76       0x18 CMakeFiles/test.dir/home/kamil/pico/pico-sdk/lib/tinyusb/src/common/tusb_fifo.c.obj
 .text.backward_pointer
                0x0000000010006d8e       0x1e CMakeFiles/test.dir/home/kamil/pico/pico-sdk/lib/tinyusb/src/common/tusb_fifo.c.obj
 .text.get_relative_pointer
                0x0000000010006dac       0x10 CMakeFiles/test.dir/home/kamil/pico/pico-sdk/lib/tinyusb/src/common/tusb_fifo.c.obj
 .text._tu_fifo_peek
                0x0000000010006dbc       0x50 CMakeFiles/test.dir/home/kamil/pico/pico-sdk/lib/tinyusb/src/common/tusb_fifo.c.obj
 .text._ff_pull_const_addr
                0x0000000010006e0c       0x4c CMakeFiles/test.dir/home/kamil/pico/pico-sdk/lib/tinyusb/src/common/tusb_fifo.c.obj
 .text._ff_pull_n
                0x0000000010006e58      0x10c CMakeFiles/test.dir/home/kamil/pico/pico-sdk/lib/tinyusb/src/common/tusb_fifo.c.obj
 .text._tu_fifo_peek_n
                0x0000000010006f64       0x5e CMakeFiles/test.dir/home/kamil/pico/pico-sdk/lib/tinyusb/src/common/tusb_fifo.c.obj
 .text._tu_fifo_read_n
                0x0000000010006fc2       0x4e CMakeFiles/test.dir/home/kamil/pico/pico-sdk/lib/tinyusb/src/common/tusb_fifo.c.obj
 .text._ff_push_const_addr
                0x0000000010007010       0x40 CMakeFiles/test.dir/home/kamil/pico/pico-sdk/lib/tinyusb/src/common/tusb_fifo.c.obj
 .text._ff_push_n
                0x0000000010007050      0x108 CMakeFiles/test.dir/home/kamil/pico/pico-sdk/lib/tinyusb/src/common/tusb_fifo.c.obj
 .text._tu_fifo_write_n
                0x0000000010007158       0x9e CMakeFiles/test.dir/home/kamil/pico/pico-sdk/lib/tinyusb/src/common/tusb_fifo.c.obj
 .text.tu_fifo_config
                0x00000000100071f6       0x72 CMakeFiles/test.dir/home/kamil/pico/pico-sdk/lib/tinyusb/src/common/tusb_fifo.c.obj
                0x00000000100071f6                tu_fifo_config
 .text.tu_fifo_count
                0x0000000010007268       0x26 CMakeFiles/test.dir/home/kamil/pico/pico-sdk/lib/tinyusb/src/common/tusb_fifo.c.obj
                0x0000000010007268                tu_fifo_count
 .text.tu_fifo_empty
                0x000000001000728e       0x10 CMakeFiles/test.dir/home/kamil/pico/pico-sdk/lib/tinyusb/src/common/tusb_fifo.c.obj
                0x000000001000728e                tu_fifo_empty
 .text.tu_fifo_remaining
                0x000000001000729e       0x20 CMakeFiles/test.dir/home/kamil/pico/pico-sdk/lib/tinyusb/src/common/tusb_fifo.c.obj
                0x000000001000729e                tu_fifo_remaining
 .text.tu_fifo_read
                0x00000000100072be       0x42 CMakeFiles/test.dir/home/kamil/pico/pico-sdk/lib/tinyusb/src/common/tusb_fifo.c.obj
                0x00000000100072be                tu_fifo_read
 .text.tu_fifo_read_n
                0x0000000010007300        0xa CMakeFiles/test.dir/home/kamil/pico/pico-sdk/lib/tinyusb/src/common/tusb_fifo.c.obj
                0x0000000010007300                tu_fifo_read_n
 .text.tu_fifo_write
                0x000000001000730a       0x6c CMakeFiles/test.dir/home/kamil/pico/pico-sdk/lib/tinyusb/src/common/tusb_fifo.c.obj
                0x000000001000730a                tu_fifo_write
 .text.tu_fifo_write_n
                0x0000000010007376        0xa CMakeFiles/test.dir/home/kamil/pico/pico-sdk/lib/tinyusb/src/common/tusb_fifo.c.obj
                0x0000000010007376                tu_fifo_write_n
 .text.tu_fifo_clear
                0x0000000010007380       0x4c CMakeFiles/test.dir/home/kamil/pico/pico-sdk/lib/tinyusb/src/common/tusb_fifo.c.obj
                0x0000000010007380                tu_fifo_clear
 .text.tu_fifo_set_overwritable
                0x00000000100073cc       0x3c CMakeFiles/test.dir/home/kamil/pico/pico-sdk/lib/tinyusb/src/common/tusb_fifo.c.obj
                0x00000000100073cc                tu_fifo_set_overwritable
 .text._retrieve_unique_id_on_boot
                0x0000000010007408       0x10 CMakeFiles/test.dir/home/kamil/pico/pico-sdk/src/rp2_common/pico_unique_id/unique_id.c.obj
 .text.pico_get_unique_board_id_string
                0x0000000010007418       0x60 CMakeFiles/test.dir/home/kamil/pico/pico-sdk/src/rp2_common/pico_unique_id/unique_id.c.obj
                0x0000000010007418                pico_get_unique_board_id_string
 .text.flash_get_unique_id
                0x0000000010007478       0x46 CMakeFiles/test.dir/home/kamil/pico/pico-sdk/src/rp2_common/hardware_flash/flash.c.obj
                0x0000000010007478                flash_get_unique_id
 *fill*         0x00000000100074be        0x2 
 .text          0x00000000100074c0       0x5c /usr/lib/gcc/arm-none-eabi/10.3.1/../../../arm-none-eabi/lib/thumb/v6-m/nofp/libg.a(lib_a-strlen-stub.o)
                0x00000000100074c0                strlen
 *(.fini)
 .fini          0x000000001000751c        0x4 /usr/lib/gcc/arm-none-eabi/10.3.1/thumb/v6-m/nofp/crti.o
                0x000000001000751c                _fini
 .fini.__stub   0x0000000010007520       0x70 linker stubs
 *crtbegin.o(.ctors)
 *crtbegin?.o(.ctors)
 *(EXCLUDE_FILE(*crtend.o *crtend?.o) .ctors)
 *(SORT_BY_NAME(.ctors.*))
 *(.ctors)
 *crtbegin.o(.dtors)
 *crtbegin?.o(.dtors)
 *(EXCLUDE_FILE(*crtend.o *crtend?.o) .dtors)
 *(SORT_BY_NAME(.dtors.*))
 *(.dtors)
 *(.eh_frame*)
 .eh_frame      0x0000000010007590        0x0 /usr/lib/gcc/arm-none-eabi/10.3.1/thumb/v6-m/nofp/crtbegin.o
                0x0000000010007590                . = ALIGN (0x4)

.glue_7         0x0000000010007590        0x0
 .glue_7        0x0000000010007590        0x0 linker stubs

.glue_7t        0x0000000010007590        0x0
 .glue_7t       0x0000000010007590        0x0 linker stubs

.vfp11_veneer   0x0000000010007590        0x0
 .vfp11_veneer  0x0000000010007590        0x0 linker stubs

.v4_bx          0x0000000010007590        0x0
 .v4_bx         0x0000000010007590        0x0 linker stubs

.iplt           0x0000000010007590        0x0
 .iplt          0x0000000010007590        0x0 /usr/lib/gcc/arm-none-eabi/10.3.1/thumb/v6-m/nofp/crtbegin.o

.rodata         0x0000000010007590     0x1720
 *(EXCLUDE_FILE(*libm.a: *libc.a:*lib_a-mem*.o *libgcc.a:) .rodata*)
 .rodata.str1.4
                0x0000000010007590       0x1d CMakeFiles/test.dir/test.c.obj
 *fill*         0x00000000100075ad        0x3 
 .rodata.__bi_12.0
                0x00000000100075b0        0xc CMakeFiles/test.dir/test.c.obj
 .rodata.__bi_13.1
                0x00000000100075bc        0xc CMakeFiles/test.dir/test.c.obj
 .rodata.spin_lock_claim_unused.str1.4
                0x00000000100075c8       0x1b CMakeFiles/test.dir/home/kamil/pico/pico-sdk/src/rp2_common/hardware_sync/sync.c.obj
 *fill*         0x00000000100075e3        0x1 
 .rodata.make_branch.str1.4
                0x00000000100075e4       0x6c CMakeFiles/test.dir/home/kamil/pico/pico-sdk/src/rp2_common/hardware_irq/irq.c.obj
 .rodata.insert_branch_and_link.str1.4
                0x0000000010007650       0x10 CMakeFiles/test.dir/home/kamil/pico/pico-sdk/src/rp2_common/hardware_irq/irq.c.obj
 .rodata.irq_set_exclusive_handler.str1.4
                0x0000000010007660       0x36 CMakeFiles/test.dir/home/kamil/pico/pico-sdk/src/rp2_common/hardware_irq/irq.c.obj
 *fill*         0x0000000010007696        0x2 
 .rodata.irq_add_shared_handler.str1.4
                0x0000000010007698       0xd9 CMakeFiles/test.dir/home/kamil/pico/pico-sdk/src/rp2_common/hardware_irq/irq.c.obj
 *fill*         0x0000000010007771        0x3 
 .rodata.irq_remove_handler.str1.4
                0x0000000010007774       0x2a CMakeFiles/test.dir/home/kamil/pico/pico-sdk/src/rp2_common/hardware_irq/irq.c.obj
 *fill*         0x000000001000779e        0x2 
 .rodata.irq_add_tail_to_free_list.str1.4
                0x00000000100077a0       0x3a CMakeFiles/test.dir/home/kamil/pico/pico-sdk/src/rp2_common/hardware_irq/irq.c.obj
 *fill*         0x00000000100077da        0x2 
 .rodata.user_irq_claim_unused.str1.4
                0x00000000100077dc       0x1b CMakeFiles/test.dir/home/kamil/pico/pico-sdk/src/rp2_common/hardware_irq/irq.c.obj
 *fill*         0x00000000100077f7        0x1 
 .rodata.__func__.0
                0x00000000100077f8       0x1a CMakeFiles/test.dir/home/kamil/pico/pico-sdk/src/rp2_common/hardware_irq/irq.c.obj
 *fill*         0x0000000010007812        0x2 
 .rodata.__func__.1
                0x0000000010007814       0x17 CMakeFiles/test.dir/home/kamil/pico/pico-sdk/src/rp2_common/hardware_irq/irq.c.obj
 *fill*         0x000000001000782b        0x1 
 .rodata.__func__.2
                0x000000001000782c       0x13 CMakeFiles/test.dir/home/kamil/pico/pico-sdk/src/rp2_common/hardware_irq/irq.c.obj
 *fill*         0x000000001000783f        0x1 
 .rodata.__func__.3
                0x0000000010007840        0xc CMakeFiles/test.dir/home/kamil/pico/pico-sdk/src/rp2_common/hardware_irq/irq.c.obj
 .rodata.__func__.4
                0x000000001000784c        0xf CMakeFiles/test.dir/home/kamil/pico/pico-sdk/src/rp2_common/hardware_irq/irq.c.obj
 *fill*         0x000000001000785b        0x1 
 .rodata.__func__.5
                0x000000001000785c       0x17 CMakeFiles/test.dir/home/kamil/pico/pico-sdk/src/rp2_common/hardware_irq/irq.c.obj
 *fill*         0x0000000010007873        0x1 
 .rodata.__func__.6
                0x0000000010007874       0x1a CMakeFiles/test.dir/home/kamil/pico/pico-sdk/src/rp2_common/hardware_irq/irq.c.obj
 *fill*         0x000000001000788e        0x2 
 .rodata.repeating_timer_callback.str1.4
                0x0000000010007890       0x4a CMakeFiles/test.dir/home/kamil/pico/pico-sdk/src/common/pico_time/time.c.obj
 *fill*         0x00000000100078da        0x2 
 .rodata.alarm_pool_dump_key.str1.4
                0x00000000100078dc       0x33 CMakeFiles/test.dir/home/kamil/pico/pico-sdk/src/common/pico_time/time.c.obj
 *fill*         0x000000001000790f        0x1 
 .rodata.ph_add_child_node.str1.4
                0x0000000010007910       0x96 CMakeFiles/test.dir/home/kamil/pico/pico-sdk/src/common/pico_time/time.c.obj
 *fill*         0x00000000100079a6        0x2 
 .rodata.add_alarm_under_lock.str1.4
                0x00000000100079a8       0x28 CMakeFiles/test.dir/home/kamil/pico/pico-sdk/src/common/pico_time/time.c.obj
                                         0x2b (size before relaxing)
 .rodata.alarm_pool_alarm_callback.str1.4
                0x00000000100079d0       0xe2 CMakeFiles/test.dir/home/kamil/pico/pico-sdk/src/common/pico_time/time.c.obj
 *fill*         0x0000000010007ab2        0x2 
 .rodata.alarm_pool_get_default.str1.4
                0x0000000010007ab4       0x21 CMakeFiles/test.dir/home/kamil/pico/pico-sdk/src/common/pico_time/time.c.obj
 *fill*         0x0000000010007ad5        0x3 
 .rodata.alarm_pool_cancel_alarm.str1.4
                0x0000000010007ad8       0x27 CMakeFiles/test.dir/home/kamil/pico/pico-sdk/src/common/pico_time/time.c.obj
 *fill*         0x0000000010007aff        0x1 
 .rodata.sleep_until.str1.4
                0x0000000010007b00       0x4d CMakeFiles/test.dir/home/kamil/pico/pico-sdk/src/common/pico_time/time.c.obj
 *fill*         0x0000000010007b4d        0x3 
 .rodata.__func__.1
                0x0000000010007b50       0x18 CMakeFiles/test.dir/home/kamil/pico/pico-sdk/src/common/pico_time/time.c.obj
 .rodata.__func__.10
                0x0000000010007b68       0x15 CMakeFiles/test.dir/home/kamil/pico/pico-sdk/src/common/pico_time/time.c.obj
 *fill*         0x0000000010007b7d        0x3 
 .rodata.__func__.11
                0x0000000010007b80       0x1a CMakeFiles/test.dir/home/kamil/pico/pico-sdk/src/common/pico_time/time.c.obj
 *fill*         0x0000000010007b9a        0x2 
 .rodata.__func__.12
                0x0000000010007b9c        0xa CMakeFiles/test.dir/home/kamil/pico/pico-sdk/src/common/pico_time/time.c.obj
 *fill*         0x0000000010007ba6        0x2 
 .rodata.__func__.3
                0x0000000010007ba8       0x17 CMakeFiles/test.dir/home/kamil/pico/pico-sdk/src/common/pico_time/time.c.obj
 *fill*         0x0000000010007bbf        0x1 
 .rodata.__func__.4
                0x0000000010007bc0       0x12 CMakeFiles/test.dir/home/kamil/pico/pico-sdk/src/common/pico_time/time.c.obj
 *fill*         0x0000000010007bd2        0x2 
 .rodata.__func__.5
                0x0000000010007bd4        0xd CMakeFiles/test.dir/home/kamil/pico/pico-sdk/src/common/pico_time/time.c.obj
 *fill*         0x0000000010007be1        0x3 
 .rodata.__func__.6
                0x0000000010007be4       0x12 CMakeFiles/test.dir/home/kamil/pico/pico-sdk/src/common/pico_time/time.c.obj
 *fill*         0x0000000010007bf6        0x2 
 .rodata.__func__.7
                0x0000000010007bf8        0xf CMakeFiles/test.dir/home/kamil/pico/pico-sdk/src/common/pico_time/time.c.obj
 *fill*         0x0000000010007c07        0x1 
 .rodata.__func__.8
                0x0000000010007c08        0xc CMakeFiles/test.dir/home/kamil/pico/pico-sdk/src/common/pico_time/time.c.obj
 .rodata.__func__.9
                0x0000000010007c14       0x15 CMakeFiles/test.dir/home/kamil/pico/pico-sdk/src/common/pico_time/time.c.obj
 *fill*         0x0000000010007c29        0x3 
 .rodata.hardware_alarm_claim.str1.4
                0x0000000010007c2c       0x22 CMakeFiles/test.dir/home/kamil/pico/pico-sdk/src/rp2_common/hardware_timer/timer.c.obj
 *fill*         0x0000000010007c4e        0x2 
 .rodata.hardware_alarm_set_target.str1.4
                0x0000000010007c50       0x64 CMakeFiles/test.dir/home/kamil/pico/pico-sdk/src/rp2_common/hardware_timer/timer.c.obj
 .rodata.__func__.0
                0x0000000010007cb4       0x1a CMakeFiles/test.dir/home/kamil/pico/pico-sdk/src/rp2_common/hardware_timer/timer.c.obj
 .rodata.ph_add_child_node.str1.4
                0x0000000010007cce       0x96 CMakeFiles/test.dir/home/kamil/pico/pico-sdk/src/common/pico_util/pheap.c.obj
 *fill*         0x0000000010007cce        0x2 
 .rodata.ph_remove_any_head.str1.4
                0x0000000010007cd0       0x8c CMakeFiles/test.dir/home/kamil/pico/pico-sdk/src/common/pico_util/pheap.c.obj
 .rodata.ph_remove_and_free_node.str1.4
                0x0000000010007d5c       0x1e CMakeFiles/test.dir/home/kamil/pico/pico-sdk/src/common/pico_util/pheap.c.obj
                                         0x26 (size before relaxing)
 *fill*         0x0000000010007d7a        0x2 
 .rodata.__func__.0
                0x0000000010007d7c       0x18 CMakeFiles/test.dir/home/kamil/pico/pico-sdk/src/common/pico_util/pheap.c.obj
 .rodata.__func__.1
                0x0000000010007d94       0x13 CMakeFiles/test.dir/home/kamil/pico/pico-sdk/src/common/pico_util/pheap.c.obj
 *fill*         0x0000000010007da7        0x1 
 .rodata.__func__.2
                0x0000000010007da8       0x12 CMakeFiles/test.dir/home/kamil/pico/pico-sdk/src/common/pico_util/pheap.c.obj
 *fill*         0x0000000010007dba        0x2 
 .rodata.__func__.3
                0x0000000010007dbc        0xc CMakeFiles/test.dir/home/kamil/pico/pico-sdk/src/common/pico_util/pheap.c.obj
 .rodata.str1.4
                0x0000000010007dc8       0x89 CMakeFiles/test.dir/home/kamil/pico/pico-sdk/src/common/pico_sync/mutex.c.obj
                                         0xe9 (size before relaxing)
 *fill*         0x0000000010007e51        0x3 
 .rodata.__func__.1
                0x0000000010007e54        0xb CMakeFiles/test.dir/home/kamil/pico/pico-sdk/src/common/pico_sync/mutex.c.obj
 *fill*         0x0000000010007e5f        0x1 
 .rodata.__func__.3
                0x0000000010007e60       0x18 CMakeFiles/test.dir/home/kamil/pico/pico-sdk/src/common/pico_sync/mutex.c.obj
 .rodata.__func__.4
                0x0000000010007e78       0x15 CMakeFiles/test.dir/home/kamil/pico/pico-sdk/src/common/pico_sync/mutex.c.obj
 *fill*         0x0000000010007e8d        0x3 
 .rodata.__assert_func.str1.4
                0x0000000010007e90       0x3f CMakeFiles/test.dir/home/kamil/pico/pico-sdk/src/rp2_common/pico_runtime/runtime.c.obj
                                         0x43 (size before relaxing)
 *fill*         0x0000000010007ecf        0x1 
 .rodata.runtime_init.str1.4
                0x0000000010007ed0       0x60 CMakeFiles/test.dir/home/kamil/pico/pico-sdk/src/rp2_common/pico_runtime/runtime.c.obj
 .rodata.panic.str1.4
                0x0000000010007f30       0x12 CMakeFiles/test.dir/home/kamil/pico/pico-sdk/src/rp2_common/pico_runtime/runtime.c.obj
 *fill*         0x0000000010007f42        0x2 
 .rodata.__func__.1
                0x0000000010007f44        0xd CMakeFiles/test.dir/home/kamil/pico/pico-sdk/src/rp2_common/pico_runtime/runtime.c.obj
 *fill*         0x0000000010007f51        0x3 
 .rodata.clock_configure.str1.4
                0x0000000010007f54       0x56 CMakeFiles/test.dir/home/kamil/pico/pico-sdk/src/rp2_common/hardware_clocks/clocks.c.obj
 *fill*         0x0000000010007faa        0x2 
 .rodata.__func__.1
                0x0000000010007fac       0x10 CMakeFiles/test.dir/home/kamil/pico/pico-sdk/src/rp2_common/hardware_clocks/clocks.c.obj
 .rodata.pll_init.str1.4
                0x0000000010007fbc      0x137 CMakeFiles/test.dir/home/kamil/pico/pico-sdk/src/rp2_common/hardware_pll/pll.c.obj
 *fill*         0x00000000100080f3        0x1 
 .rodata.__func__.0
                0x00000000100080f4        0x9 CMakeFiles/test.dir/home/kamil/pico/pico-sdk/src/rp2_common/hardware_pll/pll.c.obj
 *fill*         0x00000000100080fd        0x3 
 .rodata._ftoa.str1.4
                0x0000000010008100       0x15 CMakeFiles/test.dir/home/kamil/pico/pico-sdk/src/rp2_common/pico_printf/printf.c.obj
 *fill*         0x0000000010008115        0x3 
 .rodata._vsnprintf
                0x0000000010008118      0x1e0 CMakeFiles/test.dir/home/kamil/pico/pico-sdk/src/rp2_common/pico_printf/printf.c.obj
 .rodata.pow10.0
                0x00000000100082f8       0x50 CMakeFiles/test.dir/home/kamil/pico/pico-sdk/src/rp2_common/pico_printf/printf.c.obj
 .rodata.__aeabi_double_init.str1.4
                0x0000000010008348       0xa7 CMakeFiles/test.dir/home/kamil/pico/pico-sdk/src/rp2_common/pico_double/double_init_rom.c.obj
 *fill*         0x00000000100083ef        0x1 
 .rodata.__func__.0
                0x00000000100083f0       0x14 CMakeFiles/test.dir/home/kamil/pico/pico-sdk/src/rp2_common/pico_double/double_init_rom.c.obj
 .rodata.__aeabi_float_init.str1.4
                0x0000000010008404       0x79 CMakeFiles/test.dir/home/kamil/pico/pico-sdk/src/rp2_common/pico_float/float_init_rom.c.obj
                                         0x7d (size before relaxing)
 *fill*         0x000000001000847d        0x3 
 .rodata.__func__.0
                0x0000000010008480       0x13 CMakeFiles/test.dir/home/kamil/pico/pico-sdk/src/rp2_common/pico_float/float_init_rom.c.obj
 *fill*         0x0000000010008493        0x1 
 .rodata.str1.4
                0x0000000010008494       0x3c CMakeFiles/test.dir/home/kamil/pico/pico-sdk/src/rp2_common/pico_standard_link/binary_info.c.obj
 .rodata.__bi_44
                0x00000000100084d0        0xc CMakeFiles/test.dir/home/kamil/pico/pico-sdk/src/rp2_common/pico_standard_link/binary_info.c.obj
 .rodata.__bi_75
                0x00000000100084dc        0xc CMakeFiles/test.dir/home/kamil/pico/pico-sdk/src/rp2_common/pico_standard_link/binary_info.c.obj
 .rodata.__bi_81
                0x00000000100084e8        0xc CMakeFiles/test.dir/home/kamil/pico/pico-sdk/src/rp2_common/pico_standard_link/binary_info.c.obj
 .rodata.crlf_str.3
                0x00000000100084f4        0x2 CMakeFiles/test.dir/home/kamil/pico/pico-sdk/src/rp2_common/pico_stdio/stdio.c.obj
 *fill*         0x00000000100084f6        0x2 
 .rodata.str1.4
                0x00000000100084f8       0x2c CMakeFiles/test.dir/home/kamil/pico/pico-sdk/src/rp2_common/pico_stdio_uart/stdio_uart.c.obj
 .rodata.__bi_28.4
                0x0000000010008524        0xc CMakeFiles/test.dir/home/kamil/pico/pico-sdk/src/rp2_common/pico_stdio_uart/stdio_uart.c.obj
 .rodata.__bi_29.5
                0x0000000010008530        0x8 CMakeFiles/test.dir/home/kamil/pico/pico-sdk/src/rp2_common/pico_stdio_uart/stdio_uart.c.obj
 .rodata._resetd_driver
                0x0000000010008538       0x18 CMakeFiles/test.dir/home/kamil/pico/pico-sdk/src/rp2_common/pico_stdio_usb/reset_interface.c.obj
 .rodata.timer_task.str1.4
                0x0000000010008550       0x6c CMakeFiles/test.dir/home/kamil/pico/pico-sdk/src/rp2_common/pico_stdio_usb/stdio_usb.c.obj
 .rodata.stdio_usb_init.str1.4
                0x00000000100085bc       0x60 CMakeFiles/test.dir/home/kamil/pico/pico-sdk/src/rp2_common/pico_stdio_usb/stdio_usb.c.obj
 .rodata.str1.4
                0x00000000100085bc       0x13 CMakeFiles/test.dir/home/kamil/pico/pico-sdk/src/rp2_common/pico_stdio_usb/stdio_usb.c.obj
 *fill*         0x00000000100085cf        0x1 
 .rodata.__bi_118.2
                0x00000000100085d0        0xc CMakeFiles/test.dir/home/kamil/pico/pico-sdk/src/rp2_common/pico_stdio_usb/stdio_usb.c.obj
 .rodata.__func__.0
                0x00000000100085dc       0x15 CMakeFiles/test.dir/home/kamil/pico/pico-sdk/src/rp2_common/pico_stdio_usb/stdio_usb.c.obj
 *fill*         0x00000000100085f1        0x3 
 .rodata.__func__.1
                0x00000000100085f4        0xb CMakeFiles/test.dir/home/kamil/pico/pico-sdk/src/rp2_common/pico_stdio_usb/stdio_usb.c.obj
 *fill*         0x00000000100085ff        0x1 
 .rodata.str1.4
                0x0000000010008600       0x2a CMakeFiles/test.dir/home/kamil/pico/pico-sdk/src/rp2_common/pico_stdio_usb/stdio_usb_descriptors.c.obj
 *fill*         0x000000001000862a        0x2 
 .rodata.usbd_desc_cfg
                0x000000001000862c       0x54 CMakeFiles/test.dir/home/kamil/pico/pico-sdk/src/rp2_common/pico_stdio_usb/stdio_usb_descriptors.c.obj
 .rodata.usbd_desc_device
                0x0000000010008680       0x12 CMakeFiles/test.dir/home/kamil/pico/pico-sdk/src/rp2_common/pico_stdio_usb/stdio_usb_descriptors.c.obj
 *fill*         0x0000000010008692        0x2 
 .rodata.usbd_desc_str
                0x0000000010008694       0x18 CMakeFiles/test.dir/home/kamil/pico/pico-sdk/src/rp2_common/pico_stdio_usb/stdio_usb_descriptors.c.obj
 .rodata._hw_endpoint_alloc.str1.4
                0x00000000100086ac       0xb5 CMakeFiles/test.dir/home/kamil/pico/pico-sdk/lib/tinyusb/src/portable/raspberrypi/rp2040/dcd_rp2040.c.obj
 *fill*         0x0000000010008761        0x3 
 .rodata.dcd_rp2040_irq.str1.4
                0x0000000010008764       0x14 CMakeFiles/test.dir/home/kamil/pico/pico-sdk/lib/tinyusb/src/portable/raspberrypi/rp2040/dcd_rp2040.c.obj
 .rodata.dcd_int_enable.str1.4
                0x0000000010008778        0xc CMakeFiles/test.dir/home/kamil/pico/pico-sdk/lib/tinyusb/src/portable/raspberrypi/rp2040/dcd_rp2040.c.obj
 .rodata.__func__.0
                0x0000000010008784        0xe CMakeFiles/test.dir/home/kamil/pico/pico-sdk/lib/tinyusb/src/portable/raspberrypi/rp2040/dcd_rp2040.c.obj
 *fill*         0x0000000010008792        0x2 
 .rodata.__func__.1
                0x0000000010008794        0xe CMakeFiles/test.dir/home/kamil/pico/pico-sdk/lib/tinyusb/src/portable/raspberrypi/rp2040/dcd_rp2040.c.obj
 *fill*         0x00000000100087a2        0x2 
 .rodata.__func__.3
                0x00000000100087a4       0x10 CMakeFiles/test.dir/home/kamil/pico/pico-sdk/lib/tinyusb/src/portable/raspberrypi/rp2040/dcd_rp2040.c.obj
 .rodata.__func__.5
                0x00000000100087b4        0xf CMakeFiles/test.dir/home/kamil/pico/pico-sdk/lib/tinyusb/src/portable/raspberrypi/rp2040/dcd_rp2040.c.obj
 *fill*         0x00000000100087c3        0x1 
 .rodata.__func__.6
                0x00000000100087c4       0x13 CMakeFiles/test.dir/home/kamil/pico/pico-sdk/lib/tinyusb/src/portable/raspberrypi/rp2040/dcd_rp2040.c.obj
 *fill*         0x00000000100087d7        0x1 
 .rodata.__func__.7
                0x00000000100087d8        0x9 CMakeFiles/test.dir/home/kamil/pico/pico-sdk/lib/tinyusb/src/portable/raspberrypi/rp2040/dcd_rp2040.c.obj
 *fill*         0x00000000100087e1        0x3 
 .rodata.sync_ep_buffer.str1.4
                0x00000000100087e4       0x91 CMakeFiles/test.dir/home/kamil/pico/pico-sdk/lib/tinyusb/src/portable/raspberrypi/rp2040/rp2040_usb.c.obj
 *fill*         0x0000000010008875        0x3 
 .rodata._hw_endpoint_buffer_control_update32.str1.4
                0x0000000010008878       0x1f CMakeFiles/test.dir/home/kamil/pico/pico-sdk/lib/tinyusb/src/portable/raspberrypi/rp2040/rp2040_usb.c.obj
 *fill*         0x0000000010008897        0x1 
 .rodata.hw_endpoint_xfer_start.str1.4
                0x0000000010008898       0x38 CMakeFiles/test.dir/home/kamil/pico/pico-sdk/lib/tinyusb/src/portable/raspberrypi/rp2040/rp2040_usb.c.obj
 .rodata.hw_endpoint_xfer_continue.str1.4
                0x00000000100088d0       0x29 CMakeFiles/test.dir/home/kamil/pico/pico-sdk/lib/tinyusb/src/portable/raspberrypi/rp2040/rp2040_usb.c.obj
 .rodata.str1.4
                0x00000000100088f9       0x29 CMakeFiles/test.dir/home/kamil/pico/pico-sdk/lib/tinyusb/src/portable/raspberrypi/rp2040/rp2040_usb.c.obj
                                          0x7 (size before relaxing)
 *fill*         0x00000000100088f9        0x3 
 .rodata.__func__.0
                0x00000000100088fc        0xf CMakeFiles/test.dir/home/kamil/pico/pico-sdk/lib/tinyusb/src/portable/raspberrypi/rp2040/rp2040_usb.c.obj
 *fill*         0x000000001000890b        0x1 
 .rodata.process_set_config.str1.4
                0x000000001000890c       0x17 CMakeFiles/test.dir/home/kamil/pico/pico-sdk/lib/tinyusb/src/device/usbd.c.obj
 *fill*         0x0000000010008923        0x1 
 .rodata.process_get_descriptor
                0x0000000010008924       0x40 CMakeFiles/test.dir/home/kamil/pico/pico-sdk/lib/tinyusb/src/device/usbd.c.obj
 .rodata.process_control_request
                0x0000000010008964       0x28 CMakeFiles/test.dir/home/kamil/pico/pico-sdk/lib/tinyusb/src/device/usbd.c.obj
 .rodata.tud_task
                0x000000001000898c       0x24 CMakeFiles/test.dir/home/kamil/pico/pico-sdk/lib/tinyusb/src/device/usbd.c.obj
 .rodata.__func__.2
                0x00000000100089b0        0xf CMakeFiles/test.dir/home/kamil/pico/pico-sdk/lib/tinyusb/src/device/usbd.c.obj
 *fill*         0x00000000100089bf        0x1 
 .rodata.__func__.3
                0x00000000100089c0        0xf CMakeFiles/test.dir/home/kamil/pico/pico-sdk/lib/tinyusb/src/device/usbd.c.obj
 *fill*         0x00000000100089cf        0x1 
 .rodata.__func__.4
                0x00000000100089d0       0x14 CMakeFiles/test.dir/home/kamil/pico/pico-sdk/lib/tinyusb/src/device/usbd.c.obj
 .rodata.__func__.5
                0x00000000100089e4       0x10 CMakeFiles/test.dir/home/kamil/pico/pico-sdk/lib/tinyusb/src/device/usbd.c.obj
 .rodata.__func__.6
                0x00000000100089f4       0x17 CMakeFiles/test.dir/home/kamil/pico/pico-sdk/lib/tinyusb/src/device/usbd.c.obj
 *fill*         0x0000000010008a0b        0x1 
 .rodata.__func__.7
                0x0000000010008a0c       0x13 CMakeFiles/test.dir/home/kamil/pico/pico-sdk/lib/tinyusb/src/device/usbd.c.obj
 *fill*         0x0000000010008a1f        0x1 
 .rodata.__func__.8
                0x0000000010008a20       0x18 CMakeFiles/test.dir/home/kamil/pico/pico-sdk/lib/tinyusb/src/device/usbd.c.obj
 .rodata.__func__.9
                0x0000000010008a38        0x9 CMakeFiles/test.dir/home/kamil/pico/pico-sdk/lib/tinyusb/src/device/usbd.c.obj
 *fill*         0x0000000010008a41        0x3 
 .rodata._usbd_driver
                0x0000000010008a44       0x18 CMakeFiles/test.dir/home/kamil/pico/pico-sdk/lib/tinyusb/src/device/usbd.c.obj
 .rodata.tud_control_xfer.str1.4
                0x0000000010008a5c       0x17 CMakeFiles/test.dir/home/kamil/pico/pico-sdk/lib/tinyusb/src/device/usbd_control.c.obj
 .rodata.__func__.0
                0x0000000010008a5c       0x15 CMakeFiles/test.dir/home/kamil/pico/pico-sdk/lib/tinyusb/src/device/usbd_control.c.obj
 *fill*         0x0000000010008a71        0x3 
 .rodata.__func__.1
                0x0000000010008a74       0x11 CMakeFiles/test.dir/home/kamil/pico/pico-sdk/lib/tinyusb/src/device/usbd_control.c.obj
 .rodata.tud_cdc_n_write_flush.str1.4
                0x0000000010008a85       0x17 CMakeFiles/test.dir/home/kamil/pico/pico-sdk/lib/tinyusb/src/class/cdc/cdc_device.c.obj
 *fill*         0x0000000010008a85        0x3 
 .rodata.__func__.0
                0x0000000010008a88        0xd CMakeFiles/test.dir/home/kamil/pico/pico-sdk/lib/tinyusb/src/class/cdc/cdc_device.c.obj
 *fill*         0x0000000010008a95        0x3 
 .rodata.__func__.1
                0x0000000010008a98        0xa CMakeFiles/test.dir/home/kamil/pico/pico-sdk/lib/tinyusb/src/class/cdc/cdc_device.c.obj
 *fill*         0x0000000010008aa2        0x2 
 .rodata.__func__.2
                0x0000000010008aa4       0x16 CMakeFiles/test.dir/home/kamil/pico/pico-sdk/lib/tinyusb/src/class/cdc/cdc_device.c.obj
 .rodata.tusb_init.str1.4
                0x0000000010008aba       0x17 CMakeFiles/test.dir/home/kamil/pico/pico-sdk/lib/tinyusb/src/tusb.c.obj
 *fill*         0x0000000010008aba        0x2 
 .rodata.__func__.0
                0x0000000010008abc       0x11 CMakeFiles/test.dir/home/kamil/pico/pico-sdk/lib/tinyusb/src/tusb.c.obj
 *fill*         0x0000000010008acd        0x3 
 .rodata.__func__.1
                0x0000000010008ad0        0xa CMakeFiles/test.dir/home/kamil/pico/pico-sdk/lib/tinyusb/src/tusb.c.obj
 *fill*         0x0000000010008ada        0x2 
 .rodata.pico_get_unique_board_id_string.str1.4
                0x0000000010008adc       0x4c CMakeFiles/test.dir/home/kamil/pico/pico-sdk/src/rp2_common/pico_unique_id/unique_id.c.obj
 .rodata.__func__.0
                0x0000000010008b28       0x20 CMakeFiles/test.dir/home/kamil/pico/pico-sdk/src/rp2_common/pico_unique_id/unique_id.c.obj
 .rodata.str1.4
                0x0000000010008b48      0x156 CMakeFiles/test.dir/home/kamil/pico/pico-sdk/src/rp2_common/hardware_flash/flash.c.obj
 *fill*         0x0000000010008c9e        0x2 
 .rodata.__func__.0
                0x0000000010008ca0        0xd CMakeFiles/test.dir/home/kamil/pico/pico-sdk/src/rp2_common/hardware_flash/flash.c.obj
                0x0000000010008cb0                . = ALIGN (0x4)
 *fill*         0x0000000010008cad        0x3 
 *(SORT_BY_ALIGNMENT(SORT_BY_NAME(.flashdata*)))
                0x0000000010008cb0                . = ALIGN (0x4)

.rel.dyn        0x0000000010008cb0        0x0
 .rel.iplt      0x0000000010008cb0        0x0 /usr/lib/gcc/arm-none-eabi/10.3.1/thumb/v6-m/nofp/crtbegin.o

.ARM.extab
 *(.ARM.extab* .gnu.linkonce.armextab.*)
                0x0000000010008cb0                __exidx_start = .

.ARM.exidx
 *(.ARM.exidx* .gnu.linkonce.armexidx.*)
                0x0000000010008cb0                __exidx_end = .
                0x0000000010008cb0                . = ALIGN (0x4)
                0x0000000010008cb0                __binary_info_start = .

.binary_info    0x0000000010008cb0       0x30
 *(.binary_info.keep.*)
 .binary_info.keep.__bi_ptr12
                0x0000000010008cb0        0x4 CMakeFiles/test.dir/test.c.obj
 .binary_info.keep.__bi_ptr13
                0x0000000010008cb4        0x4 CMakeFiles/test.dir/test.c.obj
 .binary_info.keep.__bi_ptr22
                0x0000000010008cb8        0x4 CMakeFiles/test.dir/home/kamil/pico/pico-sdk/src/rp2_common/pico_standard_link/binary_info.c.obj
 .binary_info.keep.__bi_ptr30
                0x0000000010008cbc        0x4 CMakeFiles/test.dir/home/kamil/pico/pico-sdk/src/rp2_common/pico_standard_link/binary_info.c.obj
 .binary_info.keep.__bi_ptr38
                0x0000000010008cc0        0x4 CMakeFiles/test.dir/home/kamil/pico/pico-sdk/src/rp2_common/pico_standard_link/binary_info.c.obj
 .binary_info.keep.__bi_ptr44
                0x0000000010008cc4        0x4 CMakeFiles/test.dir/home/kamil/pico/pico-sdk/src/rp2_common/pico_standard_link/binary_info.c.obj
 .binary_info.keep.__bi_ptr50
                0x0000000010008cc8        0x4 CMakeFiles/test.dir/home/kamil/pico/pico-sdk/src/rp2_common/pico_standard_link/binary_info.c.obj
 .binary_info.keep.__bi_ptr75
                0x0000000010008ccc        0x4 CMakeFiles/test.dir/home/kamil/pico/pico-sdk/src/rp2_common/pico_standard_link/binary_info.c.obj
 .binary_info.keep.__bi_ptr81
                0x0000000010008cd0        0x4 CMakeFiles/test.dir/home/kamil/pico/pico-sdk/src/rp2_common/pico_standard_link/binary_info.c.obj
 *(.binary_info.*)
 .binary_info.__bi_ptr28
                0x0000000010008cd4        0x4 CMakeFiles/test.dir/home/kamil/pico/pico-sdk/src/rp2_common/pico_stdio_uart/stdio_uart.c.obj
 .binary_info.__bi_ptr29
                0x0000000010008cd8        0x4 CMakeFiles/test.dir/home/kamil/pico/pico-sdk/src/rp2_common/pico_stdio_uart/stdio_uart.c.obj
 .binary_info.__bi_ptr118
                0x0000000010008cdc        0x4 CMakeFiles/test.dir/home/kamil/pico/pico-sdk/src/rp2_common/pico_stdio_usb/stdio_usb.c.obj
                0x0000000010008ce0                __binary_info_end = .
                0x0000000010008ce0                . = ALIGN (0x4)
                0x0000000010008ce0                __etext = .

.ram_vector_table
                0x0000000020000000       0xc0
 *(.ram_vector_table)
 .ram_vector_table
                0x0000000020000000       0xc0 CMakeFiles/test.dir/home/kamil/pico/pico-sdk/src/rp2_common/pico_runtime/runtime.c.obj
                0x0000000020000000                ram_vector_table

.data           0x00000000200000c0      0x474 load address 0x0000000010008ce0
                0x00000000200000c0                __data_start__ = .
 *(vtable)
 *(.time_critical*)
 .time_critical.mutex_enter_blocking
                0x00000000200000c0       0x48 CMakeFiles/test.dir/home/kamil/pico/pico-sdk/src/common/pico_sync/mutex.c.obj
                0x00000000200000c0                mutex_enter_blocking
 .time_critical.mutex_try_enter
                0x0000000020000108       0x46 CMakeFiles/test.dir/home/kamil/pico/pico-sdk/src/common/pico_sync/mutex.c.obj
                0x0000000020000108                mutex_try_enter
 *fill*         0x000000002000014e        0x2 
 .time_critical.mutex_enter_block_until
                0x0000000020000150       0x8c CMakeFiles/test.dir/home/kamil/pico/pico-sdk/src/common/pico_sync/mutex.c.obj
                0x0000000020000150                mutex_enter_block_until
 .time_critical.mutex_enter_timeout_ms
                0x00000000200001dc       0x74 CMakeFiles/test.dir/home/kamil/pico/pico-sdk/src/common/pico_sync/mutex.c.obj
                0x00000000200001dc                mutex_enter_timeout_ms
 .time_critical.mutex_exit
                0x0000000020000250       0x4c CMakeFiles/test.dir/home/kamil/pico/pico-sdk/src/common/pico_sync/mutex.c.obj
                0x0000000020000250                mutex_exit
 .time_critical.flash_init_boot2_copyout
                0x000000002000029c       0x30 CMakeFiles/test.dir/home/kamil/pico/pico-sdk/src/rp2_common/hardware_flash/flash.c.obj
 .time_critical.flash_enable_xip_via_boot2
                0x00000000200002cc       0x10 CMakeFiles/test.dir/home/kamil/pico/pico-sdk/src/rp2_common/hardware_flash/flash.c.obj
 .time_critical.flash_cs_force
                0x00000000200002dc       0x28 CMakeFiles/test.dir/home/kamil/pico/pico-sdk/src/rp2_common/hardware_flash/flash.c.obj
 .time_critical.flash_do_cmd
                0x0000000020000304       0xd8 CMakeFiles/test.dir/home/kamil/pico/pico-sdk/src/rp2_common/hardware_flash/flash.c.obj
                0x0000000020000304                flash_do_cmd
 *(.text*)
 .text          0x00000000200003dc        0x4 /usr/lib/gcc/arm-none-eabi/10.3.1/thumb/v6-m/nofp/libgcc.a(_dvmd_tls.o)
                0x00000000200003dc                __aeabi_ldiv0
                0x00000000200003dc                __aeabi_idiv0
 .text.__stub   0x00000000200003e0       0x40 linker stubs
                0x0000000020000420                . = ALIGN (0x4)
 *(.rodata*)
                0x0000000020000420                . = ALIGN (0x4)
 *(.data*)
 .data.striped_spin_lock_num
                0x0000000020000420        0x1 CMakeFiles/test.dir/home/kamil/pico/pico-sdk/src/rp2_common/hardware_sync/sync.c.obj
 *fill*         0x0000000020000421        0x3 
 .data          0x0000000020000424       0x48 CMakeFiles/test.dir/home/kamil/pico/pico-sdk/src/rp2_common/hardware_irq/irq_handler_chain.S.obj
                0x0000000020000424                irq_handler_chain_slots
                0x0000000020000454                irq_handler_chain_first_slot
                0x000000002000045e                irq_handler_chain_remove_tail
 .data.default_alarm_pool
                0x000000002000046c       0x18 CMakeFiles/test.dir/home/kamil/pico/pico-sdk/src/common/pico_time/time.c.obj
 .data.default_alarm_pool_heap
                0x0000000020000484       0x10 CMakeFiles/test.dir/home/kamil/pico/pico-sdk/src/common/pico_time/time.c.obj
 *fill*         0x0000000020000494        0xc 
 .data.aeabi_bits_funcs
                0x00000000200004a0       0x10 CMakeFiles/test.dir/home/kamil/pico/pico-sdk/src/rp2_common/pico_bit_ops/bit_ops_aeabi.S.obj
                0x00000000200004a0                aeabi_bits_funcs
                0x00000000200004b0                aeabi_bits_funcs_end
 .data.aeabi_mem_funcs
                0x00000000200004b0       0x10 CMakeFiles/test.dir/home/kamil/pico/pico-sdk/src/rp2_common/pico_mem_ops/mem_ops_aeabi.S.obj
                0x00000000200004b0                aeabi_mem_funcs
                0x00000000200004c0                aeabi_mem_funcs_end
 .data.stdio_uart
                0x00000000200004c0       0x14 CMakeFiles/test.dir/home/kamil/pico/pico-sdk/src/rp2_common/pico_stdio_uart/stdio_uart.c.obj
                0x00000000200004c0                stdio_uart
 .data.stdio_usb
                0x00000000200004d4       0x14 CMakeFiles/test.dir/home/kamil/pico/pico-sdk/src/rp2_common/pico_stdio_usb/stdio_usb.c.obj
                0x00000000200004d4                stdio_usb
 .data.ep_dir_string
                0x00000000200004e8        0x8 CMakeFiles/test.dir/home/kamil/pico/pico-sdk/lib/tinyusb/src/portable/raspberrypi/rp2040/rp2040_usb.c.obj
                0x00000000200004e8                ep_dir_string
 .data._usbd_qdef
                0x00000000200004f0       0x24 CMakeFiles/test.dir/home/kamil/pico/pico-sdk/lib/tinyusb/src/device/usbd.c.obj
                0x00000000200004f0                _usbd_qdef
                0x0000000020000514                . = ALIGN (0x4)
 *(.after_data.*)
                0x0000000020000514                . = ALIGN (0x4)
                0x0000000020000514                PROVIDE (__mutex_array_start = .)
 *(SORT_BY_NAME(.mutex_array.*))
 *(.mutex_array)
 .mutex_array   0x0000000020000514        0x8 CMakeFiles/test.dir/home/kamil/pico/pico-sdk/src/rp2_common/pico_stdio/stdio.c.obj
                0x000000002000051c                PROVIDE (__mutex_array_end = .)
                0x000000002000051c                . = ALIGN (0x4)
                0x000000002000051c                PROVIDE (__preinit_array_start = .)
 *(SORT_BY_NAME(.preinit_array.*))
 .preinit_array.00001